Archive member included because of file (symbol)

c:/program files (x86)/atmel/atmel toolchain/avr8 gcc/native/3.4.1061/avr8-gnu-toolchain/bin/../lib/gcc/avr/4.8.1/../../../../avr/lib/avr5\libm.a(addsf3.o)
                              grbl/jogging.o (__subsf3)
c:/program files (x86)/atmel/atmel toolchain/avr8 gcc/native/3.4.1061/avr8-gnu-toolchain/bin/../lib/gcc/avr/4.8.1/../../../../avr/lib/avr5\libm.a(addsf3x.o)
                              c:/program files (x86)/atmel/atmel toolchain/avr8 gcc/native/3.4.1061/avr8-gnu-toolchain/bin/../lib/gcc/avr/4.8.1/../../../../avr/lib/avr5\libm.a(addsf3.o) (__addsf3x)
c:/program files (x86)/atmel/atmel toolchain/avr8 gcc/native/3.4.1061/avr8-gnu-toolchain/bin/../lib/gcc/avr/4.8.1/../../../../avr/lib/avr5\libm.a(atan2.o)
                              grbl/motion_control.o (atan2)
c:/program files (x86)/atmel/atmel toolchain/avr8 gcc/native/3.4.1061/avr8-gnu-toolchain/bin/../lib/gcc/avr/4.8.1/../../../../avr/lib/avr5\libm.a(atan.o)
                              c:/program files (x86)/atmel/atmel toolchain/avr8 gcc/native/3.4.1061/avr8-gnu-toolchain/bin/../lib/gcc/avr/4.8.1/../../../../avr/lib/avr5\libm.a(atan2.o) (atan)
c:/program files (x86)/atmel/atmel toolchain/avr8 gcc/native/3.4.1061/avr8-gnu-toolchain/bin/../lib/gcc/avr/4.8.1/../../../../avr/lib/avr5\libm.a(ceil.o)
                              grbl/stepper.o (ceil)
c:/program files (x86)/atmel/atmel toolchain/avr8 gcc/native/3.4.1061/avr8-gnu-toolchain/bin/../lib/gcc/avr/4.8.1/../../../../avr/lib/avr5\libm.a(cmpsf2.o)
                              grbl/gcode.o (__eqsf2)
c:/program files (x86)/atmel/atmel toolchain/avr8 gcc/native/3.4.1061/avr8-gnu-toolchain/bin/../lib/gcc/avr/4.8.1/../../../../avr/lib/avr5\libm.a(cos.o)
                              grbl/motion_control.o (cos)
c:/program files (x86)/atmel/atmel toolchain/avr8 gcc/native/3.4.1061/avr8-gnu-toolchain/bin/../lib/gcc/avr/4.8.1/../../../../avr/lib/avr5\libm.a(divsf3.o)
                              grbl/jogging.o (__divsf3)
c:/program files (x86)/atmel/atmel toolchain/avr8 gcc/native/3.4.1061/avr8-gnu-toolchain/bin/../lib/gcc/avr/4.8.1/../../../../avr/lib/avr5\libm.a(divsf3x.o)
                              c:/program files (x86)/atmel/atmel toolchain/avr8 gcc/native/3.4.1061/avr8-gnu-toolchain/bin/../lib/gcc/avr/4.8.1/../../../../avr/lib/avr5\libm.a(divsf3.o) (__divsf3x)
c:/program files (x86)/atmel/atmel toolchain/avr8 gcc/native/3.4.1061/avr8-gnu-toolchain/bin/../lib/gcc/avr/4.8.1/../../../../avr/lib/avr5\libm.a(fixsfsi.o)
                              grbl/gcode.o (__fixsfsi)
c:/program files (x86)/atmel/atmel toolchain/avr8 gcc/native/3.4.1061/avr8-gnu-toolchain/bin/../lib/gcc/avr/4.8.1/../../../../avr/lib/avr5\libm.a(fixunssfsi.o)
                              grbl/motion_control.o (__fixunssfsi)
c:/program files (x86)/atmel/atmel toolchain/avr8 gcc/native/3.4.1061/avr8-gnu-toolchain/bin/../lib/gcc/avr/4.8.1/../../../../avr/lib/avr5\libm.a(floatsisf.o)
                              grbl/motion_control.o (__floatunsisf)
c:/program files (x86)/atmel/atmel toolchain/avr8 gcc/native/3.4.1061/avr8-gnu-toolchain/bin/../lib/gcc/avr/4.8.1/../../../../avr/lib/avr5\libm.a(floor.o)
                              grbl/motion_control.o (floor)
c:/program files (x86)/atmel/atmel toolchain/avr8 gcc/native/3.4.1061/avr8-gnu-toolchain/bin/../lib/gcc/avr/4.8.1/../../../../avr/lib/avr5\libm.a(fp_cmp.o)
                              c:/program files (x86)/atmel/atmel toolchain/avr8 gcc/native/3.4.1061/avr8-gnu-toolchain/bin/../lib/gcc/avr/4.8.1/../../../../avr/lib/avr5\libm.a(cmpsf2.o) (__fp_cmp)
c:/program files (x86)/atmel/atmel toolchain/avr8 gcc/native/3.4.1061/avr8-gnu-toolchain/bin/../lib/gcc/avr/4.8.1/../../../../avr/lib/avr5\libm.a(fp_inf.o)
                              c:/program files (x86)/atmel/atmel toolchain/avr8 gcc/native/3.4.1061/avr8-gnu-toolchain/bin/../lib/gcc/avr/4.8.1/../../../../avr/lib/avr5\libm.a(addsf3x.o) (__fp_inf)
c:/program files (x86)/atmel/atmel toolchain/avr8 gcc/native/3.4.1061/avr8-gnu-toolchain/bin/../lib/gcc/avr/4.8.1/../../../../avr/lib/avr5\libm.a(fp_mintl.o)
                              c:/program files (x86)/atmel/atmel toolchain/avr8 gcc/native/3.4.1061/avr8-gnu-toolchain/bin/../lib/gcc/avr/4.8.1/../../../../avr/lib/avr5\libm.a(ceil.o) (__fp_mintl)
c:/program files (x86)/atmel/atmel toolchain/avr8 gcc/native/3.4.1061/avr8-gnu-toolchain/bin/../lib/gcc/avr/4.8.1/../../../../avr/lib/avr5\libm.a(fp_mpack.o)
                              c:/program files (x86)/atmel/atmel toolchain/avr8 gcc/native/3.4.1061/avr8-gnu-toolchain/bin/../lib/gcc/avr/4.8.1/../../../../avr/lib/avr5\libm.a(ceil.o) (__fp_mpack)
c:/program files (x86)/atmel/atmel toolchain/avr8 gcc/native/3.4.1061/avr8-gnu-toolchain/bin/../lib/gcc/avr/4.8.1/../../../../avr/lib/avr5\libm.a(fp_nan.o)
[...]
Memory Configuration

Name             Origin             Length             Attributes
text             0x00000000         0x00020000         xr
data             0x00800060         0x0000ffa0         rw !x
eeprom           0x00810000         0x00010000         rw !x
fuse             0x00820000         0x00000400         rw !x
lock             0x00830000         0x00000400         rw !x
signature        0x00840000         0x00000400         rw !x
user_signatures  0x00850000         0x00000400         rw !x
*default*        0x00000000         0xffffffff

Linker script and memory map

Address of section .data set to 0x800100
LOAD c:/program files (x86)/atmel/atmel toolchain/avr8 gcc/native/3.4.1061/avr8-gnu-toolchain/bin/../lib/gcc/avr/4.8.1/../../../../avr/lib/avr5/crtm644.o
LOAD grbl/jogging.o
LOAD grbl/main.o
LOAD grbl/motion_control.o
LOAD grbl/gcode.o
LOAD grbl/spindle_control.o
LOAD grbl/coolant_control.o
LOAD grbl/serial.o
LOAD grbl/protocol.o
LOAD grbl/stepper.o
LOAD grbl/eeprom.o
LOAD grbl/settings.o
LOAD grbl/planner.o
LOAD grbl/nuts_bolts.o
LOAD grbl/limits.o
LOAD grbl/print.o
LOAD grbl/probe.o
LOAD grbl/report.o
LOAD grbl/system.o
START GROUP
LOAD c:/program files (x86)/atmel/atmel toolchain/avr8 gcc/native/3.4.1061/avr8-gnu-toolchain/bin/../lib/gcc/avr/4.8.1/../../../../avr/lib/avr5\libm.a
END GROUP
START GROUP
LOAD c:/program files (x86)/atmel/atmel toolchain/avr8 gcc/native/3.4.1061/avr8-gnu-toolchain/bin/../lib/gcc/avr/4.8.1/avr5\libgcc.a
LOAD c:/program files (x86)/atmel/atmel toolchain/avr8 gcc/native/3.4.1061/avr8-gnu-toolchain/bin/../lib/gcc/avr/4.8.1/../../../../avr/lib/avr5\libm.a
LOAD c:/program files (x86)/atmel/atmel toolchain/avr8 gcc/native/3.4.1061/avr8-gnu-toolchain/bin/../lib/gcc/avr/4.8.1/../../../../avr/lib/avr5\libc.a
END GROUP

.hash
 *(.hash)

.dynsym
 *(.dynsym)

.dynstr
 *(.dynstr)

.gnu.version
 *(.gnu.version)

.gnu.version_d
 *(.gnu.version_d)

.gnu.version_r
 *(.gnu.version_r)

.rel.init
 *(.rel.init)

.rela.init
 *(.rela.init)

.rel.text
 *(.rel.text)
 *(.rel.text.*)
 *(.rel.gnu.linkonce.t*)

.rela.text
 *(.rela.text)
 *(.rela.text.*)
 *(.rela.gnu.linkonce.t*)

.rel.fini
 *(.rel.fini)

.rela.fini
 *(.rela.fini)

.rel.rodata
 *(.rel.rodata)
 *(.rel.rodata.*)
 *(.rel.gnu.linkonce.r*)

.rela.rodata
 *(.rela.rodata)
 *(.rela.rodata.*)
 *(.rela.gnu.linkonce.r*)

.rel.data
 *(.rel.data)
 *(.rel.data.*)
 *(.rel.gnu.linkonce.d*)

.rela.data
 *(.rela.data)
 *(.rela.data.*)
 *(.rela.gnu.linkonce.d*)

.rel.ctors
 *(.rel.ctors)

.rela.ctors
 *(.rela.ctors)

.rel.dtors
 *(.rel.dtors)

.rela.dtors
 *(.rela.dtors)

.rel.got
 *(.rel.got)

.rela.got
 *(.rela.got)

.rel.bss
 *(.rel.bss)

.rela.bss
 *(.rela.bss)

.rel.plt
 *(.rel.plt)

.rela.plt
 *(.rela.plt)

.text           0x00000000     0x7ff6
 *(.vectors)
 .vectors       0x00000000       0x70 c:/program files (x86)/atmel/atmel toolchain/avr8 gcc/native/3.4.1061/avr8-gnu-toolchain/bin/../lib/gcc/avr/4.8.1/../../../../avr/lib/avr5/crtm644.o
                0x00000000                __vector_default
                0x00000000                __vectors
 *(.vectors)
 *(.progmem.gcc*)
 .progmem.gcc_sw_table.gc_execute_line
                0x00000070      0x146 grbl/gcode.o
 .progmem.gcc_sw_table.settings_store_global_setting
                0x000001b6       0x40 grbl/settings.o
 .progmem.gcc_sw_table.report_status_message
                0x000001f6       0x2c grbl/report.o
 .progmem.gcc_sw_table.report_gcode_modes
                0x00000222       0x12 grbl/report.o
 .progmem.gcc_fplib
                0x00000234       0x2d c:/program files (x86)/atmel/atmel toolchain/avr8 gcc/native/3.4.1061/avr8-gnu-toolchain/bin/../lib/gcc/avr/4.8.1/../../../../avr/lib/avr5\libm.a(atan.o)
 .progmem.gcc_fplib
                0x00000261       0x1e c:/program files (x86)/atmel/atmel toolchain/avr8 gcc/native/3.4.1061/avr8-gnu-toolchain/bin/../lib/gcc/avr/4.8.1/../../../../avr/lib/avr5\libm.a(fp_sinus.o)
                0x00000280                . = ALIGN (0x2)
 *fill*         0x0000027f        0x1 
                0x00000280                __trampolines_start = .
 *(.trampolines)
 .trampolines   0x00000280        0x0 linker stubs
 *(.trampolines*)
                0x00000280                __trampolines_end = .
 *(.progmem*)
 .progmem.data.__c.2352
                0x00000280        0x7 grbl/jogging.o
 .progmem.data.__c.2350
                0x00000287        0x4 grbl/jogging.o
 .progmem.data.__c.2725
                0x0000028b        0x4 grbl/report.o
 .progmem.data.__c.2723
                0x0000028f        0x5 grbl/report.o
 .progmem.data.__c.2721
                0x00000294        0x6 grbl/report.o
 .progmem.data.__c.2716
                0x0000029a        0x2 grbl/report.o
 .progmem.data.__c.2714
                0x0000029c        0x7 grbl/report.o
 .progmem.data.__c.2709
                0x000002a3        0x2 grbl/report.o
 .progmem.data.__c.2707
                0x000002a5        0x7 grbl/report.o
 .progmem.data.__c.2705
                0x000002ac        0x5 grbl/report.o
 .progmem.data.__c.2702
                0x000002b1        0x6 grbl/report.o
 .progmem.data.__c.2699
                0x000002b7        0x7 grbl/report.o
 .progmem.data.__c.2696
                0x000002be        0x7 grbl/report.o
 .progmem.data.__c.2693
                0x000002c5        0x6 grbl/report.o
 .progmem.data.__c.2690
                0x000002cb        0x6 grbl/report.o
 .progmem.data.__c.2687
                0x000002d1        0x5 grbl/report.o
 .progmem.data.__c.2682
                0x000002d6        0x6 grbl/report.o
 .progmem.data.__c.2674
                0x000002dc        0x4 grbl/report.o
 .progmem.data.__c.2672
                0x000002e0       0x19 grbl/report.o
 .progmem.data.__c.2667
                0x000002f9        0x3 grbl/report.o
 .progmem.data.__c.2665
                0x000002fc        0x2 grbl/report.o
 .progmem.data.__c.2663
                0x000002fe        0x3 grbl/report.o
 .progmem.data.__c.2657
                0x00000301        0x4 grbl/report.o
 .progmem.data.__c.2655
                0x00000305        0x3 grbl/report.o
 .progmem.data.__c.2653
                0x00000308        0x3 grbl/report.o
 .progmem.data.__c.2651
                0x0000030b        0x4 grbl/report.o
 .progmem.data.__c.2647
                0x0000030f        0x4 grbl/report.o
 .progmem.data.__c.2644
                0x00000313        0x4 grbl/report.o
 .progmem.data.__c.2641
                0x00000317        0x4 grbl/report.o
 .progmem.data.__c.2637
                0x0000031b        0x4 grbl/report.o
 .progmem.data.__c.2634
                0x0000031f        0x4 grbl/report.o
 .progmem.data.__c.2631
                0x00000323        0x4 grbl/report.o
 .progmem.data.__c.2627
                0x00000327        0x4 grbl/report.o
 .progmem.data.__c.2624
                0x0000032b        0x5 grbl/report.o
 .progmem.data.__c.2622
                0x00000330        0x5 grbl/report.o
 .progmem.data.__c.2620
                0x00000335        0x5 grbl/report.o
 .progmem.data.__c.2618
                0x0000033a        0x5 grbl/report.o
 .progmem.data.__c.2616
                0x0000033f        0x5 grbl/report.o
 .progmem.data.__c.2614
                0x00000344        0x5 grbl/report.o
 .progmem.data.__c.2612
                0x00000349        0x5 grbl/report.o
 .progmem.data.__c.2609
                0x0000034e        0x5 grbl/report.o
 .progmem.data.__c.2605
                0x00000353        0x5 grbl/report.o
 .progmem.data.__c.2602
                0x00000358        0x3 grbl/report.o
 .progmem.data.__c.2600
                0x0000035b        0x4 grbl/report.o
 .progmem.data.__c.2597
                0x0000035f        0x6 grbl/report.o
 .progmem.data.__c.2594
                0x00000365        0x6 grbl/report.o
 .progmem.data.__c.2591
                0x0000036b        0x6 grbl/report.o
 .progmem.data.__c.2588
                0x00000371        0x6 grbl/report.o
 .progmem.data.__c.2585
                0x00000377        0x3 grbl/report.o
 .progmem.data.__c.2582
                0x0000037a        0x3 grbl/report.o
 .progmem.data.__c.2579
                0x0000037d        0x3 grbl/report.o
 .progmem.data.__c.2575
                0x00000380        0x3 grbl/report.o
 .progmem.data.__c.2572
                0x00000383        0x2 grbl/report.o
 .progmem.data.__c.2568
                0x00000385        0x4 grbl/report.o
 .progmem.data.__c.2566
                0x00000389        0x6 grbl/report.o
 .progmem.data.__c.2561
                0x0000038f        0x4 grbl/report.o
 .progmem.data.__c.2559
                0x00000393        0x2 grbl/report.o
 .progmem.data.__c.2557
                0x00000395        0x6 grbl/report.o
 .progmem.data.__c.2549
                0x0000039b        0x4 grbl/report.o
 .progmem.data.__c.2547
                0x0000039f        0x2 grbl/report.o
 .progmem.data.__c.2545
                0x000003a1        0x2 grbl/report.o
 .progmem.data.__c.2542
                0x000003a3        0x3 grbl/report.o
 .progmem.data.__c.2538
                0x000003a6        0x3 grbl/report.o
 .progmem.data.__c.2535
                0x000003a9        0x3 grbl/report.o
 .progmem.data.__c.2528
                0x000003ac        0x4 grbl/report.o
 .progmem.data.__c.2526
                0x000003b0        0x2 grbl/report.o
 .progmem.data.__c.2521
                0x000003b2        0x2 grbl/report.o
 .progmem.data.__c.2519
                0x000003b4        0x6 grbl/report.o
 .progmem.data.__c.2507
                0x000003ba        0x4 grbl/report.o
 .progmem.data.__c.2505
                0x000003be       0x10 grbl/report.o
 .progmem.data.__c.2502
                0x000003ce       0x11 grbl/report.o
 .progmem.data.__c.2499
                0x000003df       0x12 grbl/report.o
 .progmem.data.__c.2495
                0x000003f1        0xa grbl/report.o
 .progmem.data.__c.2492
                0x000003fb        0x2 grbl/report.o
 .progmem.data.__c.2489
                0x000003fd        0x2 grbl/report.o
 .progmem.data.__c.2485
                0x000003ff        0x2 grbl/report.o
 .progmem.data.__c.2482
                0x00000401        0x3 grbl/report.o
 .progmem.data.__c.2475
                0x00000404        0x2 grbl/report.o
 .progmem.data.__c.2473
                0x00000406        0x2 grbl/report.o
 .progmem.data.__c.2468
                0x00000408       0x16 grbl/report.o
 .progmem.data.__c.2466
                0x0000041e       0x1d grbl/report.o
 .progmem.data.__c.2464
                0x0000043b       0x1d grbl/report.o
 .progmem.data.__c.2462
                0x00000458       0x1f grbl/report.o
 .progmem.data.__c.2460
                0x00000477       0x1d grbl/report.o
 .progmem.data.__c.2458
                0x00000494       0x1d grbl/report.o
 .progmem.data.__c.2456
                0x000004b1        0x8 grbl/report.o
 .progmem.data.__c.2454
                0x000004b9       0x1a grbl/report.o
 .progmem.data.__c.2452
                0x000004d3       0x1c grbl/report.o
 .progmem.data.__c.2450
                0x000004ef       0x1b grbl/report.o
 .progmem.data.__c.2448
                0x0000050a       0x1b grbl/report.o
 .progmem.data.__c.2446
                0x00000525       0x1d grbl/report.o
 .progmem.data.__c.2444
                0x00000542       0x1b grbl/report.o
 .progmem.data.__c.2442
                0x0000055d       0x20 grbl/report.o
 .progmem.data.__c.2440
                0x0000057d        0x8 grbl/report.o
 .progmem.data.__c.2438
                0x00000585       0x16 grbl/report.o
 .progmem.data.__c.2436
                0x0000059b       0x20 grbl/report.o
 .progmem.data.__c.2434
                0x000005bb       0x20 grbl/report.o
 .progmem.data.__c.2432
                0x000005db       0x21 grbl/report.o
 .progmem.data.__c.2430
                0x000005fc        0x7 grbl/report.o
 .progmem.data.__c.2428
                0x00000603       0x18 grbl/report.o
 .progmem.data.__c.2426
                0x0000061b        0x7 grbl/report.o
 .progmem.data.__c.2424
                0x00000622       0x19 grbl/report.o
 .progmem.data.__c.2422
                0x0000063b       0x1e grbl/report.o
 .progmem.data.__c.2420
                0x00000659       0x19 grbl/report.o
 .progmem.data.__c.2418
                0x00000672        0x4 grbl/report.o
 .progmem.data.__c.2414
                0x00000676      0x144 grbl/report.o
 .progmem.data.__c.2410
                0x000007ba       0x26 grbl/report.o
 .progmem.data.__c.2406
                0x000007e0        0x4 grbl/report.o
 .progmem.data.__c.2404
                0x000007e4        0xb grbl/report.o
 .progmem.data.__c.2401
                0x000007ef        0x9 grbl/report.o
 .progmem.data.__c.2398
                0x000007f8        0x8 grbl/report.o
 .progmem.data.__c.2395
                0x00000800       0x12 grbl/report.o
 .progmem.data.__c.2392
                0x00000812       0x14 grbl/report.o
 .progmem.data.__c.2388
                0x00000826       0x12 grbl/report.o
 .progmem.data.__c.2385
                0x00000838        0x2 grbl/report.o
 .progmem.data.__c.2380
                0x0000083a        0x3 grbl/report.o
 .progmem.data.__c.2378
                0x0000083d        0xb grbl/report.o
 .progmem.data.__c.2375
                0x00000848       0x13 grbl/report.o
 .progmem.data.__c.2372
                0x0000085b        0xb grbl/report.o
 .progmem.data.__c.2368
                0x00000866        0xb grbl/report.o
 .progmem.data.__c.2365
                0x00000871        0x8 grbl/report.o
 .progmem.data.__c.2360
                0x00000879        0x3 grbl/report.o
 .progmem.data.__c.2358
                0x0000087c       0x12 grbl/report.o
 .progmem.data.__c.2355
                0x0000088e       0x14 grbl/report.o
 .progmem.data.__c.2352
                0x000008a2       0x14 grbl/report.o
 .progmem.data.__c.2349
                0x000008b6       0x16 grbl/report.o
 .progmem.data.__c.2346
                0x000008cc       0x20 grbl/report.o
 .progmem.data.__c.2343
                0x000008ec        0xe grbl/report.o
 .progmem.data.__c.2340
                0x000008fa       0x13 grbl/report.o
 .progmem.data.__c.2337
                0x0000090d        0xb grbl/report.o
 .progmem.data.__c.2334
                0x00000918        0x9 grbl/report.o
 .progmem.data.__c.2331
                0x00000921       0x21 grbl/report.o
 .progmem.data.__c.2328
                0x00000942        0xf grbl/report.o
 .progmem.data.__c.2325
                0x00000951       0x11 grbl/report.o
 .progmem.data.__c.2322
                0x00000962        0xa grbl/report.o
 .progmem.data.__c.2319
                0x0000096c       0x12 grbl/report.o
 .progmem.data.__c.2316
                0x0000097e       0x12 grbl/report.o
 .progmem.data.__c.2312
                0x00000990       0x18 grbl/report.o
 .progmem.data.__c.2309
                0x000009a8        0x8 grbl/report.o
 .progmem.data.__c.2307
                0x000009b0        0x5 grbl/report.o
                0x000009b6                . = ALIGN (0x2)
 *fill*         0x000009b5        0x1 
 *(.jumptables)
 *(.jumptables*)
 *(.lowtext)
 *(.lowtext*)
                0x000009b6                __ctors_start = .
 *(.ctors)
                0x000009b6                __ctors_end = .
                0x000009b6                __dtors_start = .
 *(.dtors)
                0x000009b6                __dtors_end = .
 SORT(*)(.ctors)
 SORT(*)(.dtors)
 *(.init0)
 .init0         0x000009b6        0x0 c:/program files (x86)/atmel/atmel toolchain/avr8 gcc/native/3.4.1061/avr8-gnu-toolchain/bin/../lib/gcc/avr/4.8.1/../../../../avr/lib/avr5/crtm644.o
                0x000009b6                __init
 *(.init0)
 *(.init1)
 *(.init1)
 *(.init2)
 .init2         0x000009b6        0xc c:/program files (x86)/atmel/atmel toolchain/avr8 gcc/native/3.4.1061/avr8-gnu-toolchain/bin/../lib/gcc/avr/4.8.1/../../../../avr/lib/avr5/crtm644.o
 *(.init2)
 *(.init3)
 *(.init3)
 *(.init4)
 .init4         0x000009c2       0x16 c:/program files (x86)/atmel/atmel toolchain/avr8 gcc/native/3.4.1061/avr8-gnu-toolchain/bin/../lib/gcc/avr/4.8.1/avr5\libgcc.a(_copy_data.o)
                0x000009c2                __do_copy_data
 .init4         0x000009d8       0x10 c:/program files (x86)/atmel/atmel toolchain/avr8 gcc/native/3.4.1061/avr8-gnu-toolchain/bin/../lib/gcc/avr/4.8.1/avr5\libgcc.a(_clear_bss.o)
                0x000009d8                __do_clear_bss
 *(.init4)
 *(.init5)
 *(.init5)
 *(.init6)
 *(.init6)
 *(.init7)
 *(.init7)
 *(.init8)
 *(.init8)
 *(.init9)
 .init9         0x000009e8        0x8 c:/program files (x86)/atmel/atmel toolchain/avr8 gcc/native/3.4.1061/avr8-gnu-toolchain/bin/../lib/gcc/avr/4.8.1/../../../../avr/lib/avr5/crtm644.o
 *(.init9)
 *(.text)
 .text          0x000009f0        0x4 c:/program files (x86)/atmel/atmel toolchain/avr8 gcc/native/3.4.1061/avr8-gnu-toolchain/bin/../lib/gcc/avr/4.8.1/../../../../avr/lib/avr5/crtm644.o
                0x000009f0                __vector_22
                0x000009f0                __vector_1
                0x000009f0                __vector_24
                0x000009f0                __vector_12
                0x000009f0                __bad_interrupt
                0x000009f0                __vector_3
                0x000009f0                __vector_23
                0x000009f0                __vector_25
                0x000009f0                __vector_11
                0x000009f0                __vector_17
                0x000009f0                __vector_19
                0x000009f0                __vector_7
                0x000009f0                __vector_27
                0x000009f0                __vector_4
                0x000009f0                __vector_9
                0x000009f0                __vector_2
                0x000009f0                __vector_15
                0x000009f0                __vector_8
                0x000009f0                __vector_26
                0x000009f0                __vector_14
                0x000009f0                __vector_10
                0x000009f0                __vector_16
                0x000009f4                . = ALIGN (0x2)
 *(.text.*)
 .text.jog_init
                0x000009f4       0x3c grbl/jogging.o
                0x000009f4                jog_init
 .text.jog_btn_release
                0x00000a30       0x16 grbl/jogging.o
                0x00000a30                jog_btn_release
 .text.spindle_btn_release
                0x00000a46       0x14 grbl/jogging.o
                0x00000a46                spindle_btn_release
 .text.jogging  0x00000a5a      0x5d0 grbl/jogging.o
                0x00000a5a                jogging
 .text.main     0x0000102a       0x7a grbl/main.o
                0x0000102a                main
 .text.mc_line  0x000010a4       0x6c grbl/motion_control.o
                0x000010a4                mc_line
 .text.mc_arc   0x00001110      0x638 grbl/motion_control.o
                0x00001110                mc_arc
 .text.mc_dwell
                0x00001748       0xcc grbl/motion_control.o
                0x00001748                mc_dwell
 .text.mc_homing_cycle
                0x00001814       0x26 grbl/motion_control.o
                0x00001814                mc_homing_cycle
 .text.mc_probe_cycle
                0x0000183a      0x110 grbl/motion_control.o
                0x0000183a                mc_probe_cycle
 .text.mc_reset
                0x0000194a       0x46 grbl/motion_control.o
                0x0000194a                mc_reset
 .text.gc_init  0x00001990       0x24 grbl/gcode.o
                0x00001990                gc_init
 .text.gc_sync_position
                0x000019b4        0xe grbl/gcode.o
                0x000019b4                gc_sync_position
 .text.gc_execute_line
                0x000019c2     0x1594 grbl/gcode.o
                0x000019c2                gc_execute_line
 .text.spindle_stop
                0x00002f56        0x4 grbl/spindle_control.o
                0x00002f56                spindle_stop
 .text.spindle_init
                0x00002f5a        0x8 grbl/spindle_control.o
                0x00002f5a                spindle_init
 .text.spindle_set_state
                0x00002f62        0xe grbl/spindle_control.o
                0x00002f62                spindle_set_state
 .text.spindle_run
                0x00002f70       0x32 grbl/spindle_control.o
                0x00002f70                spindle_run
 .text.coolant_stop
                0x00002fa2        0x4 grbl/coolant_control.o
                0x00002fa2                coolant_stop
 .text.coolant_init
                0x00002fa6        0x8 grbl/coolant_control.o
                0x00002fa6                coolant_init
 .text.coolant_set_state
                0x00002fae        0xe grbl/coolant_control.o
                0x00002fae                coolant_set_state
 .text.coolant_run
                0x00002fbc       0x1a grbl/coolant_control.o
                0x00002fbc                coolant_run
 .text.serial_get_rx_buffer_count
                0x00002fd6       0x16 grbl/serial.o
                0x00002fd6                serial_get_rx_buffer_count
 .text.serial_init
                0x00002fec       0x2c grbl/serial.o
                0x00002fec                serial_init
 .text.serial_write
                0x00003018       0x3e grbl/serial.o
                0x00003018                serial_write
 .text.__vector_21
                0x00003056       0x54 grbl/serial.o
                0x00003056                __vector_21
 .text.serial_read
                0x000030aa       0x28 grbl/serial.o
                0x000030aa                serial_read
 .text.__vector_20
                0x000030d2       0xd2 grbl/serial.o
                0x000030d2                __vector_20
 .text.serial_reset_read_buffer
                0x000031a4        0xa grbl/serial.o
                0x000031a4                serial_reset_read_buffer
 .text.protocol_execute_realtime
                0x000031ae      0x2ae grbl/protocol.o
                0x000031ae                protocol_execute_realtime
 .text.protocol_process
                0x0000345c      0x116 grbl/protocol.o
                0x0000345c                protocol_process
 .text.protocol_auto_cycle_start
                0x00003572       0x12 grbl/protocol.o
                0x00003572                protocol_auto_cycle_start
 .text.protocol_main_loop
                0x00003584       0x5c grbl/protocol.o
                0x00003584                protocol_main_loop
 .text.protocol_buffer_synchronize
                0x000035e0       0x38 grbl/protocol.o
                0x000035e0                protocol_buffer_synchronize
 .text.st_wake_up
                0x00003618       0x7e grbl/stepper.o
                0x00003618                st_wake_up
 .text.st_go_idle
                0x00003696       0x5c grbl/stepper.o
                0x00003696                st_go_idle
 .text.__vector_13
                0x000036f2      0x42c grbl/stepper.o
                0x000036f2                __vector_13
 .text.__vector_18
                0x00003b1e       0x2c grbl/stepper.o
                0x00003b1e                __vector_18
 .text.st_generate_step_dir_invert_masks
                0x00003b4a       0x94 grbl/stepper.o
                0x00003b4a                st_generate_step_dir_invert_masks
 .text.st_reset
                0x00003bde       0x58 grbl/stepper.o
                0x00003bde                st_reset
 .text.stepper_init
                0x00003c36       0x44 grbl/stepper.o
                0x00003c36                stepper_init
 .text.st_update_plan_block_parameters
                0x00003c7a       0x44 grbl/stepper.o
                0x00003c7a                st_update_plan_block_parameters
 .text.st_prep_buffer
                0x00003cbe      0xd58 grbl/stepper.o
                0x00003cbe                st_prep_buffer
 .text.eeprom_get_char
                0x00004a16       0x10 grbl/eeprom.o
                0x00004a16                eeprom_get_char
 .text.eeprom_put_char
                0x00004a26       0x3e grbl/eeprom.o
                0x00004a26                eeprom_put_char
 .text.memcpy_to_eeprom_with_checksum
                0x00004a64       0x8c grbl/eeprom.o
                0x00004a64                memcpy_to_eeprom_with_checksum
 .text.memcpy_from_eeprom_with_checksum
                0x00004af0       0x9c grbl/eeprom.o
                0x00004af0                memcpy_from_eeprom_with_checksum
 .text.settings_store_startup_line
                0x00004b8c       0x14 grbl/settings.o
                0x00004b8c                settings_store_startup_line
 .text.settings_store_build_info
                0x00004ba0       0x10 grbl/settings.o
                0x00004ba0                settings_store_build_info
 .text.settings_write_coord_data
                0x00004bb0       0x14 grbl/settings.o
                0x00004bb0                settings_write_coord_data
 .text.write_global_settings
                0x00004bc4       0x1c grbl/settings.o
                0x00004bc4                write_global_settings
 .text.settings_restore_global_settings
                0x00004be0      0x1ce grbl/settings.o
                0x00004be0                settings_restore_global_settings
 .text.settings_clear_startup_lines
                0x00004dae       0x16 grbl/settings.o
                0x00004dae                settings_clear_startup_lines
 .text.settings_clear_build_info
                0x00004dc4        0xc grbl/settings.o
                0x00004dc4                settings_clear_build_info
 .text.settings_read_startup_line
                0x00004dd0       0x3a grbl/settings.o
                0x00004dd0                settings_read_startup_line
 .text.settings_read_build_info
                0x00004e0a       0x2a grbl/settings.o
                0x00004e0a                settings_read_build_info
 .text.settings_read_coord_data
                0x00004e34       0x42 grbl/settings.o
                0x00004e34                settings_read_coord_data
 .text.read_global_settings
                0x00004e76       0x2c grbl/settings.o
                0x00004e76                read_global_settings
 .text.settings_store_global_setting
                0x00004ea2      0x2be grbl/settings.o
                0x00004ea2                settings_store_global_setting
 .text.settings_init
                0x00005160       0x6c grbl/settings.o
                0x00005160                settings_init
 .text.get_step_pin_mask
                0x000051cc       0x14 grbl/settings.o
                0x000051cc                get_step_pin_mask
 .text.get_direction_pin_mask
                0x000051e0       0x14 grbl/settings.o
                0x000051e0                get_direction_pin_mask
 .text.get_limit_pin_mask
                0x000051f4       0x14 grbl/settings.o
                0x000051f4                get_limit_pin_mask
 .text.planner_recalculate
                0x00005208      0x260 grbl/planner.o
 .text.plan_reset
                0x00005468       0x22 grbl/planner.o
                0x00005468                plan_reset
 .text.plan_discard_current_block
                0x0000548a       0x28 grbl/planner.o
                0x0000548a                plan_discard_current_block
 .text.plan_get_current_block
                0x000054b2       0x20 grbl/planner.o
                0x000054b2                plan_get_current_block
 .text.plan_get_exec_block_exit_speed
                0x000054d2       0x36 grbl/planner.o
                0x000054d2                plan_get_exec_block_exit_speed
 .text.plan_check_full_buffer
                0x00005508       0x10 grbl/planner.o
                0x00005508                plan_check_full_buffer
 .text.plan_buffer_line
                0x00005518      0x634 grbl/planner.o
                0x00005518                plan_buffer_line
 .text.plan_sync_position
                0x00005b4c       0x62 grbl/planner.o
                0x00005b4c                plan_sync_position
 .text.plan_get_block_buffer_count
                0x00005bae       0x16 grbl/planner.o
                0x00005bae                plan_get_block_buffer_count
 .text.plan_cycle_reinitialize
                0x00005bc4       0x12 grbl/planner.o
                0x00005bc4                plan_cycle_reinitialize
 .text.read_float
                0x00005bd6      0x198 grbl/nuts_bolts.o
                0x00005bd6                read_float
 .text.delay_ms
                0x00005d6e       0x18 grbl/nuts_bolts.o
                0x00005d6e                delay_ms
 .text.delay_us
                0x00005d86       0x84 grbl/nuts_bolts.o
                0x00005d86                delay_us
 .text.hypot_f  0x00005e0a       0x4e grbl/nuts_bolts.o
                0x00005e0a                hypot_f
 .text.limits_disable
                0x00005e58       0x16 grbl/limits.o
                0x00005e58                limits_disable
 .text.limits_init
                0x00005e6e       0x30 grbl/limits.o
                0x00005e6e                limits_init
 .text.__vector_5
                0x00005e9e       0x68 grbl/limits.o
                0x00005e9e                __vector_5
 .text.limits_go_home
                0x00005f06      0x566 grbl/limits.o
                0x00005f06                limits_go_home
 .text.limits_soft_check
                0x0000646c       0xc2 grbl/limits.o
                0x0000646c                limits_soft_check
 .text.printString
                0x0000652e       0x1e grbl/print.o
                0x0000652e                printString
 .text.printPgmString
                0x0000654c       0x24 grbl/print.o
                0x0000654c                printPgmString
 .text.print_uint8_base2
                0x00006570       0x68 grbl/print.o
                0x00006570                print_uint8_base2
 .text.print_uint8_base10
                0x000065d8       0x78 grbl/print.o
                0x000065d8                print_uint8_base10
 .text.printFloat
                0x00006650      0x17a grbl/print.o
                0x00006650                printFloat
 .text.printFloat_CoordValue
                0x000067ca       0x24 grbl/print.o
                0x000067ca                printFloat_CoordValue
 .text.printFloat_RateValue
                0x000067ee       0x24 grbl/print.o
                0x000067ee                printFloat_RateValue
 .text.printFloat_SettingValue
                0x00006812        0x8 grbl/print.o
                0x00006812                printFloat_SettingValue
 .text.probe_init
                0x0000681a        0x6 grbl/probe.o
                0x0000681a                probe_init
 .text.probe_configure_invert_mask
                0x00006820       0x24 grbl/probe.o
                0x00006820                probe_configure_invert_mask
 .text.probe_get_state
                0x00006844        0xc grbl/probe.o
                0x00006844                probe_get_state
 .text.probe_state_monitor
                0x00006850       0x32 grbl/probe.o
                0x00006850                probe_state_monitor
 .text.report_status_message
                0x00006882       0xe2 grbl/report.o
                0x00006882                report_status_message
 .text.report_alarm_message
                0x00006964       0x5a grbl/report.o
                0x00006964                report_alarm_message
 .text.report_feedback_message
                0x000069be       0x6e grbl/report.o
                0x000069be                report_feedback_message
 .text.report_init_message
                0x00006a2c        0xa grbl/report.o
                0x00006a2c                report_init_message
 .text.report_grbl_help
                0x00006a36        0xa grbl/report.o
                0x00006a36                report_grbl_help
 .text.report_grbl_settings
                0x00006a40      0x340 grbl/report.o
                0x00006a40                report_grbl_settings
 .text.report_probe_parameters
                0x00006d80       0x48 grbl/report.o
                0x00006d80                report_probe_parameters
 .text.report_ngc_parameters
                0x00006dc8      0x136 grbl/report.o
                0x00006dc8                report_ngc_parameters
 .text.report_gcode_modes
                0x00006efe      0x1b0 grbl/report.o
                0x00006efe                report_gcode_modes
 .text.report_startup_line
                0x000070ae       0x36 grbl/report.o
                0x000070ae                report_startup_line
 .text.report_build_info
                0x000070e4       0x22 grbl/report.o
                0x000070e4                report_build_info
 .text.report_realtime_status
                0x00007106      0x204 grbl/report.o
                0x00007106                report_realtime_status
 .text.system_init
                0x0000730a       0x22 grbl/system.o
                0x0000730a                system_init
 .text.__vector_6
                0x0000732c       0x76 grbl/system.o
                0x0000732c                __vector_6
 .text.system_check_safety_door_ajar
                0x000073a2        0x4 grbl/system.o
                0x000073a2                system_check_safety_door_ajar
 .text.system_execute_startup
                0x000073a6       0x42 grbl/system.o
                0x000073a6                system_execute_startup
 .text.system_execute_line
                0x000073e8      0x310 grbl/system.o
                0x000073e8                system_execute_line
 .text.system_convert_axis_steps_to_mpos
                0x000076f8       0x38 grbl/system.o
                0x000076f8                system_convert_axis_steps_to_mpos
 .text.system_convert_array_steps_to_mpos
                0x00007730       0x34 grbl/system.o
                0x00007730                system_convert_array_steps_to_mpos
 .text.avr-libc.fplib
                0x00007764        0xa c:/program files (x86)/atmel/atmel toolchain/avr8 gcc/native/3.4.1061/avr8-gnu-toolchain/bin/../lib/gcc/avr/4.8.1/../../../../avr/lib/avr5\libm.a(addsf3.o)
                0x00007764                __subsf3
                0x00007766                __addsf3
 .text.avr-libc.fplib
                0x0000776e       0xc0 c:/program files (x86)/atmel/atmel toolchain/avr8 gcc/native/3.4.1061/avr8-gnu-toolchain/bin/../lib/gcc/avr/4.8.1/../../../../avr/lib/avr5\libm.a(addsf3x.o)
                0x00007788                __addsf3x
 .text.avr-libc.fplib
                0x0000782e       0x74 c:/program files (x86)/atmel/atmel toolchain/avr8 gcc/native/3.4.1061/avr8-gnu-toolchain/bin/../lib/gcc/avr/4.8.1/../../../../avr/lib/avr5\libm.a(atan2.o)
                0x0000784c                atan2
 .text.avr-libc.fplib
                0x000078a2       0x50 c:/program files (x86)/atmel/atmel toolchain/avr8 gcc/native/3.4.1061/avr8-gnu-toolchain/bin/../lib/gcc/avr/4.8.1/../../../../avr/lib/avr5\libm.a(atan.o)
                0x000078a2                atan
 .text.avr-libc.fplib
                0x000078f2       0x26 c:/program files (x86)/atmel/atmel toolchain/avr8 gcc/native/3.4.1061/avr8-gnu-toolchain/bin/../lib/gcc/avr/4.8.1/../../../../avr/lib/avr5\libm.a(ceil.o)
                0x000078f2                ceil
 .text.avr-libc.fplib
                0x00007918        0x8 c:/program files (x86)/atmel/atmel toolchain/avr8 gcc/native/3.4.1061/avr8-gnu-toolchain/bin/../lib/gcc/avr/4.8.1/../../../../avr/lib/avr5\libm.a(cmpsf2.o)
                0x00007918                __nesf2
                0x00007918                __eqsf2
                0x00007918                __cmpsf2
                0x00007918                __ltsf2
                0x00007918                __lesf2
 .text.avr-libc.fplib
                0x00007920        0x6 c:/program files (x86)/atmel/atmel toolchain/avr8 gcc/native/3.4.1061/avr8-gnu-toolchain/bin/../lib/gcc/avr/4.8.1/../../../../avr/lib/avr5\libm.a(cos.o)
                0x00007920                cos
 .text.avr-libc.fplib
                0x00007926        0x4 c:/program files (x86)/atmel/atmel toolchain/avr8 gcc/native/3.4.1061/avr8-gnu-toolchain/bin/../lib/gcc/avr/4.8.1/../../../../avr/lib/avr5\libm.a(divsf3.o)
                0x00007926                __divsf3
 .text.avr-libc.fplib
                0x0000792a       0xcc c:/program files (x86)/atmel/atmel toolchain/avr8 gcc/native/3.4.1061/avr8-gnu-toolchain/bin/../lib/gcc/avr/4.8.1/../../../../avr/lib/avr5\libm.a(divsf3x.o)
                0x00007940                __divsf3x
                0x00007944                __divsf3_pse
 .text.avr-libc.fplib
                0x000079f6        0xa c:/program files (x86)/atmel/atmel toolchain/avr8 gcc/native/3.4.1061/avr8-gnu-toolchain/bin/../lib/gcc/avr/4.8.1/../../../../avr/lib/avr5\libm.a(fixsfsi.o)
                0x000079f6                __fixsfsi
 .text.avr-libc.fplib
                0x00007a00       0x58 c:/program files (x86)/atmel/atmel toolchain/avr8 gcc/native/3.4.1061/avr8-gnu-toolchain/bin/../lib/gcc/avr/4.8.1/../../../../avr/lib/avr5\libm.a(fixunssfsi.o)
                0x00007a00                __fixunssfsi
 .text.avr-libc.fplib
                0x00007a58       0x7a c:/program files (x86)/atmel/atmel toolchain/avr8 gcc/native/3.4.1061/avr8-gnu-toolchain/bin/../lib/gcc/avr/4.8.1/../../../../avr/lib/avr5\libm.a(floatsisf.o)
                0x00007a58                __floatunsisf
                0x00007a5c                __floatsisf
 .text.avr-libc.fplib
                0x00007ad2       0x26 c:/program files (x86)/atmel/atmel toolchain/avr8 gcc/native/3.4.1061/avr8-gnu-toolchain/bin/../lib/gcc/avr/4.8.1/../../../../avr/lib/avr5\libm.a(floor.o)
                0x00007ad2                floor
 .text.avr-libc.fplib
                0x00007af8       0x48 c:/program files (x86)/atmel/atmel toolchain/avr8 gcc/native/3.4.1061/avr8-gnu-toolchain/bin/../lib/gcc/avr/4.8.1/../../../../avr/lib/avr5\libm.a(fp_cmp.o)
                0x00007af8                __fp_cmp
 .text.avr-libc.fplib
                0x00007b40        0xc c:/program files (x86)/atmel/atmel toolchain/avr8 gcc/native/3.4.1061/avr8-gnu-toolchain/bin/../lib/gcc/avr/4.8.1/../../../../avr/lib/avr5\libm.a(fp_inf.o)
                0x00007b40                __fp_inf
 .text.avr-libc.fplib
                0x00007b4c       0x36 c:/program files (x86)/atmel/atmel toolchain/avr8 gcc/native/3.4.1061/avr8-gnu-toolchain/bin/../lib/gcc/avr/4.8.1/../../../../avr/lib/avr5\libm.a(fp_mintl.o)
                0x00007b4c                __fp_mintl
 .text.avr-libc.fplib
                0x00007b82       0x1c c:/program files (x86)/atmel/atmel toolchain/avr8 gcc/native/3.4.1061/avr8-gnu-toolchain/bin/../lib/gcc/avr/4.8.1/../../../../avr/lib/avr5\libm.a(fp_mpack.o)
                0x00007b82                __fp_mpack
                0x00007b86                __fp_mpack_finite
 .text.avr-libc.fplib
                0x00007b9e        0x6 c:/program files (x86)/atmel/atmel toolchain/avr8 gcc/native/3.4.1061/avr8-gnu-toolchain/bin/../lib/gcc/avr/4.8.1/../../../../avr/lib/avr5\libm.a(fp_nan.o)
                0x00007b9e                __fp_nan
 .text.avr-libc.fplib
                0x00007ba4       0x4a c:/program files (x86)/atmel/atmel toolchain/avr8 gcc/native/3.4.1061/avr8-gnu-toolchain/bin/../lib/gcc/avr/4.8.1/../../../../avr/lib/avr5\libm.a(fp_powser.o)
                0x00007ba4                __fp_powser
 .text.avr-libc.fplib
                0x00007bee        0xe c:/program files (x86)/atmel/atmel toolchain/avr8 gcc/native/3.4.1061/avr8-gnu-toolchain/bin/../lib/gcc/avr/4.8.1/../../../../avr/lib/avr5\libm.a(fp_pscA.o)
                0x00007bee                __fp_pscA
 .text.avr-libc.fplib
                0x00007bfc        0xe c:/program files (x86)/atmel/atmel toolchain/avr8 gcc/native/3.4.1061/avr8-gnu-toolchain/bin/../lib/gcc/avr/4.8.1/../../../../avr/lib/avr5\libm.a(fp_pscB.o)
                0x00007bfc                __fp_pscB
 .text.avr-libc.fplib
                0x00007c0a       0x50 c:/program files (x86)/atmel/atmel toolchain/avr8 gcc/native/3.4.1061/avr8-gnu-toolchain/bin/../lib/gcc/avr/4.8.1/../../../../avr/lib/avr5\libm.a(fp_rempio2.o)
                0x00007c0c                __fp_rempio2
 .text.avr-libc.fplib
                0x00007c5a       0x22 c:/program files (x86)/atmel/atmel toolchain/avr8 gcc/native/3.4.1061/avr8-gnu-toolchain/bin/../lib/gcc/avr/4.8.1/../../../../avr/lib/avr5\libm.a(fp_round.o)
                0x00007c5a                __fp_round
 .text.avr-libc.fplib
                0x00007c7c       0x22 c:/program files (x86)/atmel/atmel toolchain/avr8 gcc/native/3.4.1061/avr8-gnu-toolchain/bin/../lib/gcc/avr/4.8.1/../../../../avr/lib/avr5\libm.a(fp_sinus.o)
                0x00007c7c                __fp_sinus
 .text.avr-libc.fplib
                0x00007c9e       0x44 c:/program files (x86)/atmel/atmel toolchain/avr8 gcc/native/3.4.1061/avr8-gnu-toolchain/bin/../lib/gcc/avr/4.8.1/../../../../avr/lib/avr5\libm.a(fp_split3.o)
                0x00007c9e                __fp_split3
                0x00007cae                __fp_splitA
 .text.avr-libc.fplib
                0x00007ce2       0x2e c:/program files (x86)/atmel/atmel toolchain/avr8 gcc/native/3.4.1061/avr8-gnu-toolchain/bin/../lib/gcc/avr/4.8.1/../../../../avr/lib/avr5\libm.a(fp_trunc.o)
                0x00007ce2                __fp_trunc
 .text.avr-libc.fplib
                0x00007d10        0xe c:/program files (x86)/atmel/atmel toolchain/avr8 gcc/native/3.4.1061/avr8-gnu-toolchain/bin/../lib/gcc/avr/4.8.1/../../../../avr/lib/avr5\libm.a(fp_zero.o)
                0x00007d10                __fp_zero
                0x00007d12                __fp_szero
 .text.avr-libc.fplib
                0x00007d1e        0x8 c:/program files (x86)/atmel/atmel toolchain/avr8 gcc/native/3.4.1061/avr8-gnu-toolchain/bin/../lib/gcc/avr/4.8.1/../../../../avr/lib/avr5\libm.a(gesf2.o)
                0x00007d1e                __gesf2
                0x00007d1e                __gtsf2
 .text.avr-libc.fplib
                0x00007d26        0xe c:/program files (x86)/atmel/atmel toolchain/avr8 gcc/native/3.4.1061/avr8-gnu-toolchain/bin/../lib/gcc/avr/4.8.1/../../../../avr/lib/avr5\libm.a(inverse.o)
                0x00007d26                inverse
 .text.avr-libc.fplib
                0x00007d34       0x60 c:/program files (x86)/atmel/atmel toolchain/avr8 gcc/native/3.4.1061/avr8-gnu-toolchain/bin/../lib/gcc/avr/4.8.1/../../../../avr/lib/avr5\libm.a(lround.o)
                0x00007d34                lround
 .text.avr-libc.fplib
                0x00007d94        0x4 c:/program files (x86)/atmel/atmel toolchain/avr8 gcc/native/3.4.1061/avr8-gnu-toolchain/bin/../lib/gcc/avr/4.8.1/../../../../avr/lib/avr5\libm.a(mulsf3.o)
                0x00007d94                __mulsf3
 .text.avr-libc.fplib
                0x00007d98       0xc2 c:/program files (x86)/atmel/atmel toolchain/avr8 gcc/native/3.4.1061/avr8-gnu-toolchain/bin/../lib/gcc/avr/4.8.1/../../../../avr/lib/avr5\libm.a(mulsf3x.o)
                0x00007dac                __mulsf3x
                0x00007db0                __mulsf3_pse
 .text.avr-libc.fplib
                0x00007e5a       0x40 c:/program files (x86)/atmel/atmel toolchain/avr8 gcc/native/3.4.1061/avr8-gnu-toolchain/bin/../lib/gcc/avr/4.8.1/../../../../avr/lib/avr5\libm.a(round.o)
                0x00007e5a                round
 .text.avr-libc.fplib
                0x00007e9a        0xc c:/program files (x86)/atmel/atmel toolchain/avr8 gcc/native/3.4.1061/avr8-gnu-toolchain/bin/../lib/gcc/avr/4.8.1/../../../../avr/lib/avr5\libm.a(sin.o)
                0x00007e9a                sin
 .text.avr-libc.fplib
                0x00007ea6       0x84 c:/program files (x86)/atmel/atmel toolchain/avr8 gcc/native/3.4.1061/avr8-gnu-toolchain/bin/../lib/gcc/avr/4.8.1/../../../../avr/lib/avr5\libm.a(sqrt.o)
                0x00007eae                sqrt
 .text.avr-libc.fplib
                0x00007f2a        0x6 c:/program files (x86)/atmel/atmel toolchain/avr8 gcc/native/3.4.1061/avr8-gnu-toolchain/bin/../lib/gcc/avr/4.8.1/../../../../avr/lib/avr5\libm.a(square.o)
                0x00007f2a                square
 .text.avr-libc.fplib
                0x00007f30        0xe c:/program files (x86)/atmel/atmel toolchain/avr8 gcc/native/3.4.1061/avr8-gnu-toolchain/bin/../lib/gcc/avr/4.8.1/../../../../avr/lib/avr5\libm.a(trunc.o)
                0x00007f30                trunc
 .text.avr-libc.fplib
                0x00007f3e        0xe c:/program files (x86)/atmel/atmel toolchain/avr8 gcc/native/3.4.1061/avr8-gnu-toolchain/bin/../lib/gcc/avr/4.8.1/../../../../avr/lib/avr5\libm.a(fp_norm2.o)
                0x00007f3e                __fp_norm2
 .text.avr-libc.fplib
                0x00007f4c       0x22 c:/program files (x86)/atmel/atmel toolchain/avr8 gcc/native/3.4.1061/avr8-gnu-toolchain/bin/../lib/gcc/avr/4.8.1/../../../../avr/lib/avr5\libm.a(fp_powsodd.o)
                0x00007f4c                __fp_powsodd
 .text.libgcc.div
                0x00007f6e       0x44 c:/program files (x86)/atmel/atmel toolchain/avr8 gcc/native/3.4.1061/avr8-gnu-toolchain/bin/../lib/gcc/avr/4.8.1/avr5\libgcc.a(_udivmodsi4.o)
                0x00007f6e                __udivmodsi4
 .text.libgcc   0x00007fb2        0xc c:/program files (x86)/atmel/atmel toolchain/avr8 gcc/native/3.4.1061/avr8-gnu-toolchain/bin/../lib/gcc/avr/4.8.1/avr5\libgcc.a(_tablejump.o)
                0x00007fb2                __tablejump2__
                0x00007fb6                __tablejump__
 .text.libgcc.mul
                0x00007fbe       0x1e c:/program files (x86)/atmel/atmel toolchain/avr8 gcc/native/3.4.1061/avr8-gnu-toolchain/bin/../lib/gcc/avr/4.8.1/avr5\libgcc.a(_umulhisi3.o)
                0x00007fbe                __umulhisi3
 .text.libgcc.mul
                0x00007fdc       0x16 c:/program files (x86)/atmel/atmel toolchain/avr8 gcc/native/3.4.1061/avr8-gnu-toolchain/bin/../lib/gcc/avr/4.8.1/avr5\libgcc.a(_muluhisi3.o)
                0x00007fdc                __muluhisi3
                0x00007ff2                . = ALIGN (0x2)
 *(.fini9)
 .fini9         0x00007ff2        0x0 c:/program files (x86)/atmel/atmel toolchain/avr8 gcc/native/3.4.1061/avr8-gnu-toolchain/bin/../lib/gcc/avr/4.8.1/avr5\libgcc.a(_exit.o)
                0x00007ff2                _exit
                0x00007ff2                exit
 *(.fini9)
 *(.fini8)
 *(.fini8)
 *(.fini7)
 *(.fini7)
 *(.fini6)
 *(.fini6)
 *(.fini5)
 *(.fini5)
 *(.fini4)
 *(.fini4)
 *(.fini3)
 *(.fini3)
 *(.fini2)
 *(.fini2)
 *(.fini1)
 *(.fini1)
 *(.fini0)
 .fini0         0x00007ff2        0x4 c:/program files (x86)/atmel/atmel toolchain/avr8 gcc/native/3.4.1061/avr8-gnu-toolchain/bin/../lib/gcc/avr/4.8.1/avr5\libgcc.a(_exit.o)
 *(.fini0)
                0x00007ff6                _etext = .

.data           0x00800100        0x0 load address 0x00007ff6
                0x00800100                PROVIDE (__data_start, .)
 *(.data)
 *(.data*)
 *(.rodata)
 *(.rodata*)
 *(.gnu.linkonce.d*)
                0x00800100                . = ALIGN (0x2)
                0x00800100                _edata = .
                0x00800100                PROVIDE (__data_end, .)

.bss            0x00800100      0x855
                0x00800100                PROVIDE (__bss_start, .)
 *(.bss)
 *(.bss*)
 .bss.serial_tx_buffer_tail
                0x00800100        0x1 grbl/serial.o
                0x00800100                serial_tx_buffer_tail
 .bss.serial_tx_buffer_head
                0x00800101        0x1 grbl/serial.o
                0x00800101                serial_tx_buffer_head
 .bss.serial_rx_buffer_tail
                0x00800102        0x1 grbl/serial.o
                0x00800102                serial_rx_buffer_tail
 .bss.serial_rx_buffer_head
                0x00800103        0x1 grbl/serial.o
                0x00800103                serial_rx_buffer_head
 .bss.iscomment.2310
                0x00800104        0x1 grbl/protocol.o
 .bss.char_counter.2311
                0x00800105        0x1 grbl/protocol.o
 .bss.line      0x00800106       0x50 grbl/protocol.o
 .bss.prep      0x00800156       0x2b grbl/stepper.o
 .bss.st_prep_block
                0x00800181        0x2 grbl/stepper.o
 .bss.pl_block  0x00800183        0x2 grbl/stepper.o
 .bss.busy      0x00800185        0x1 grbl/stepper.o
 .bss.dir_port_invert_mask
                0x00800186        0x1 grbl/stepper.o
 .bss.step_port_invert_mask
                0x00800187        0x1 grbl/stepper.o
 .bss.segment_next_head
                0x00800188        0x1 grbl/stepper.o
 .bss.segment_buffer_head
                0x00800189        0x1 grbl/stepper.o
 .bss.segment_buffer_tail
                0x0080018a        0x1 grbl/stepper.o
 .bss.st        0x0080018b       0x23 grbl/stepper.o
 .bss.segment_buffer
                0x008001ae       0x24 grbl/stepper.o
 .bss.st_block_buffer
                0x008001d2       0x55 grbl/stepper.o
 .bss.pl        0x00800227       0x1c grbl/planner.o
 .bss.block_buffer_planned
                0x00800243        0x1 grbl/planner.o
 .bss.next_buffer_head
                0x00800244        0x1 grbl/planner.o
 .bss.block_buffer_head
                0x00800245        0x1 grbl/planner.o
 .bss.block_buffer_tail
                0x00800246        0x1 grbl/planner.o
 .bss.block_buffer
                0x00800247      0x520 grbl/planner.o
 *(COMMON)
 COMMON         0x00800767       0x20 grbl/main.o
                0x00800767                sys
 COMMON         0x00800787       0x78 grbl/gcode.o
                0x00800787                gc_state
                0x008007c6                gc_block
 COMMON         0x008007ff      0x100 grbl/serial.o
                0x008007ff                serial_tx_buffer
                0x0080087f                serial_rx_buffer
 COMMON         0x008008ff       0x55 grbl/settings.o
                0x008008ff                settings
 COMMON         0x00800954        0x1 grbl/probe.o
                0x00800954                probe_invert_mask
                0x00800955                PROVIDE (__bss_end, .)
                0x00007ff6                __data_load_start = LOADADDR (.data)
                0x00007ff6                __data_load_end = (__data_load_start + SIZEOF (.data))

.noinit         0x00800955        0x0
                0x00800955                PROVIDE (__noinit_start, .)
 *(.noinit*)
                0x00800955                PROVIDE (__noinit_end, .)
                0x00800955                _end = .
                0x00800955                PROVIDE (__heap_start, .)

.eeprom         0x00810000        0x0
 *(.eeprom*)
                0x00810000                __eeprom_end = .

.fuse
 *(.fuse)
 *(.lfuse)
 *(.hfuse)
 *(.efuse)

.lock
 *(.lock*)

.signature
 *(.signature*)

.user_signatures
 *(.user_signatures*)

.stab
 *(.stab)

.stabstr
 *(.stabstr)

.stab.excl
 *(.stab.excl)

.stab.exclstr
 *(.stab.exclstr)

.stab.index
 *(.stab.index)

.stab.indexstr
 *(.stab.indexstr)

.comment        0x00000000       0x30
 *(.comment)
 .comment       0x00000000       0x30 grbl/jogging.o
                                 0x31 (size before relaxing)
 .comment       0x00000000       0x31 grbl/main.o
 .comment       0x00000000       0x31 grbl/motion_control.o
 .comment       0x00000000       0x31 grbl/gcode.o
 .comment       0x00000000       0x31 grbl/spindle_control.o
 .comment       0x00000000       0x31 grbl/coolant_control.o
 .comment       0x00000000       0x31 grbl/serial.o
 .comment       0x00000000       0x31 grbl/protocol.o
 .comment       0x00000000       0x31 grbl/stepper.o
 .comment       0x00000000       0x31 grbl/eeprom.o
 .comment       0x00000000       0x31 grbl/settings.o
 .comment       0x00000000       0x31 grbl/planner.o
 .comment       0x00000000       0x31 grbl/nuts_bolts.o
 .comment       0x00000000       0x31 grbl/limits.o
 .comment       0x00000000       0x31 grbl/print.o
 .comment       0x00000000       0x31 grbl/probe.o
 .comment       0x00000000       0x31 grbl/report.o
 .comment       0x00000000       0x31 grbl/system.o

.note.gnu.build-id
 *(.note.gnu.build-id)

.debug
 *(.debug)

.line
 *(.line)

.debug_srcinfo
 *(.debug_srcinfo)

.debug_sfnames
 *(.debug_sfnames)

.debug_aranges  0x00000000      0x568
 *(.debug_aranges)
 .debug_aranges
                0x00000000       0x38 grbl/jogging.o
 .debug_aranges
                0x00000038       0x20 grbl/main.o
 .debug_aranges
                0x00000058       0x48 grbl/motion_control.o
 .debug_aranges
                0x000000a0       0x30 grbl/gcode.o
 .debug_aranges
                0x000000d0       0x38 grbl/spindle_control.o
 .debug_aranges
                0x00000108       0x38 grbl/coolant_control.o
 .debug_aranges
                0x00000140       0x58 grbl/serial.o
 .debug_aranges
                0x00000198       0x40 grbl/protocol.o
 .debug_aranges
                0x000001d8       0x60 grbl/stepper.o
 .debug_aranges
                0x00000238       0x38 grbl/eeprom.o
 .debug_aranges
                0x00000270       0xa0 grbl/settings.o
 .debug_aranges
                0x00000310       0x70 grbl/planner.o
 .debug_aranges
                0x00000380       0x38 grbl/nuts_bolts.o
 .debug_aranges
                0x000003b8       0x40 grbl/limits.o
 .debug_aranges
                0x000003f8       0x70 grbl/print.o
 .debug_aranges
                0x00000468       0x38 grbl/probe.o
 .debug_aranges
                0x000004a0       0x78 grbl/report.o
 .debug_aranges
                0x00000518       0x50 grbl/system.o

.debug_pubnames
 *(.debug_pubnames)

.debug_info     0x00000000     0x879b
 *(.debug_info .gnu.linkonce.wi.*)
 .debug_info    0x00000000      0x8a5 grbl/jogging.o
 .debug_info    0x000008a5      0x2e8 grbl/main.o
 .debug_info    0x00000b8d      0xaf1 grbl/motion_control.o
 .debug_info    0x0000167e      0xc65 grbl/gcode.o
 .debug_info    0x000022e3      0x231 grbl/spindle_control.o
 .debug_info    0x00002514      0x201 grbl/coolant_control.o
 .debug_info    0x00002715      0x3c8 grbl/serial.o
 .debug_info    0x00002add      0x8e4 grbl/protocol.o
 .debug_info    0x000033c1      0xa4c grbl/stepper.o
 .debug_info    0x00003e0d      0x227 grbl/eeprom.o
 .debug_info    0x00004034      0x96b grbl/settings.o
 .debug_info    0x0000499f      0x83a grbl/planner.o
 .debug_info    0x000051d9      0x3b4 grbl/nuts_bolts.o
 .debug_info    0x0000558d      0x74b grbl/limits.o
 .debug_info    0x00005cd8      0x642 grbl/print.o
 .debug_info    0x0000631a      0x31b grbl/probe.o
 .debug_info    0x00006635     0x1900 grbl/report.o
 .debug_info    0x00007f35      0x866 grbl/system.o

.debug_abbrev   0x00000000     0x2085
 *(.debug_abbrev)
 .debug_abbrev  0x00000000      0x199 grbl/jogging.o
 .debug_abbrev  0x00000199       0xcb grbl/main.o
 .debug_abbrev  0x00000264      0x2a4 grbl/motion_control.o
 .debug_abbrev  0x00000508      0x22e grbl/gcode.o
 .debug_abbrev  0x00000736      0x135 grbl/spindle_control.o
 .debug_abbrev  0x0000086b      0x126 grbl/coolant_control.o
 .debug_abbrev  0x00000991      0x17b grbl/serial.o
 .debug_abbrev  0x00000b0c      0x20a grbl/protocol.o
 .debug_abbrev  0x00000d16      0x262 grbl/stepper.o
 .debug_abbrev  0x00000f78       0xfd grbl/eeprom.o
 .debug_abbrev  0x00001075      0x26a grbl/settings.o
 .debug_abbrev  0x000012df      0x2e6 grbl/planner.o
 .debug_abbrev  0x000015c5      0x150 grbl/nuts_bolts.o
 .debug_abbrev  0x00001715      0x21f grbl/limits.o
 .debug_abbrev  0x00001934      0x1b2 grbl/print.o
 .debug_abbrev  0x00001ae6      0x11b grbl/probe.o
 .debug_abbrev  0x00001c01      0x258 grbl/report.o
 .debug_abbrev  0x00001e59      0x22c grbl/system.o

.debug_line     0x00000000     0x2968
 *(.debug_line .debug_line.* .debug_line_end)
 .debug_line    0x00000000      0x278 grbl/jogging.o
 .debug_line    0x00000278      0x1b2 grbl/main.o
 .debug_line    0x0000042a      0x2fc grbl/motion_control.o
 .debug_line    0x00000726      0x4ae grbl/gcode.o
 .debug_line    0x00000bd4      0x10b grbl/spindle_control.o
 .debug_line    0x00000cdf      0x108 grbl/coolant_control.o
 .debug_line    0x00000de7      0x197 grbl/serial.o
 .debug_line    0x00000f7e      0x291 grbl/protocol.o
 .debug_line    0x0000120f      0x348 grbl/stepper.o
 .debug_line    0x00001557      0x13b grbl/eeprom.o
 .debug_line    0x00001692      0x2f0 grbl/settings.o
 .debug_line    0x00001982      0x30e grbl/planner.o
 .debug_line    0x00001c90      0x201 grbl/nuts_bolts.o
 .debug_line    0x00001e91      0x235 grbl/limits.o
 .debug_line    0x000020c6      0x227 grbl/print.o
 .debug_line    0x000022ed      0x10c grbl/probe.o
 .debug_line    0x000023f9      0x2ef grbl/report.o
 .debug_line    0x000026e8      0x280 grbl/system.o

.debug_frame    0x00000000     0x1238
 *(.debug_frame)
 .debug_frame   0x00000000       0xc4 grbl/jogging.o
 .debug_frame   0x000000c4       0x24 grbl/main.o
 .debug_frame   0x000000e8      0x170 grbl/motion_control.o
 .debug_frame   0x00000258       0xa4 grbl/gcode.o
 .debug_frame   0x000002fc       0x70 grbl/spindle_control.o
 .debug_frame   0x0000036c       0x5c grbl/coolant_control.o
 .debug_frame   0x000003c8       0xfc grbl/serial.o
 .debug_frame   0x000004c4      0x104 grbl/protocol.o
 .debug_frame   0x000005c8      0x19c grbl/stepper.o
 .debug_frame   0x00000764       0xcc grbl/eeprom.o
 .debug_frame   0x00000830      0x1a0 grbl/settings.o
 .debug_frame   0x000009d0      0x17c grbl/planner.o
 .debug_frame   0x00000b4c       0xc8 grbl/nuts_bolts.o
 .debug_frame   0x00000c14      0x140 grbl/limits.o
 .debug_frame   0x00000d54      0x1b4 grbl/print.o
 .debug_frame   0x00000f08       0x54 grbl/probe.o
 .debug_frame   0x00000f5c      0x198 grbl/report.o
 .debug_frame   0x000010f4      0x144 grbl/system.o

.debug_str      0x00000000     0x173a
 *(.debug_str)
 .debug_str     0x00000000      0x543 grbl/jogging.o
                                0x5d6 (size before relaxing)
 .debug_str     0x00000543       0xc0 grbl/main.o
                                0x2cc (size before relaxing)
 .debug_str     0x00000603      0x27b grbl/motion_control.o
                                0x67b (size before relaxing)
 .debug_str     0x0000087e      0x195 grbl/gcode.o
                                0x53f (size before relaxing)
 .debug_str     0x00000a13       0x2c grbl/spindle_control.o
                                0x24d (size before relaxing)
 .debug_str     0x00000a3f       0x31 grbl/coolant_control.o
                                0x252 (size before relaxing)
 .debug_str     0x00000a70       0xfd grbl/serial.o
                                0x339 (size before relaxing)
 .debug_str     0x00000b6d      0x17a grbl/protocol.o
                                0x5a7 (size before relaxing)
 .debug_str     0x00000ce7      0x3a8 grbl/stepper.o
                                0x81f (size before relaxing)
 .debug_str     0x0000108f       0xac grbl/eeprom.o
                                0x212 (size before relaxing)
 .debug_str     0x0000113b      0x183 grbl/settings.o
                                0x57a (size before relaxing)
 .debug_str     0x000012be      0x164 grbl/planner.o
                                0x657 (size before relaxing)
 .debug_str     0x00001422       0x56 grbl/nuts_bolts.o
                                0x251 (size before relaxing)
 .debug_str     0x00001478       0xca grbl/limits.o
                                0x52f (size before relaxing)
 .debug_str     0x00001542       0xfa grbl/print.o
                                0x3d3 (size before relaxing)
 .debug_str     0x0000163c       0x22 grbl/probe.o
                                0x39d (size before relaxing)
 .debug_str     0x0000165e       0xb5 grbl/report.o
                                0x68f (size before relaxing)
 .debug_str     0x00001713       0x27 grbl/system.o
                                0x593 (size before relaxing)

.debug_loc      0x00000000     0x5f5e
 *(.debug_loc)
 .debug_loc     0x00000000      0x563 grbl/jogging.o
 .debug_loc     0x00000563      0xa40 grbl/motion_control.o
 .debug_loc     0x00000fa3      0x9cf grbl/gcode.o
 .debug_loc     0x00001972      0x136 grbl/spindle_control.o
 .debug_loc     0x00001aa8       0x6f grbl/coolant_control.o
 .debug_loc     0x00001b17      0x258 grbl/serial.o
 .debug_loc     0x00001d6f      0x2c4 grbl/protocol.o
 .debug_loc     0x00002033      0x8bd grbl/stepper.o
 .debug_loc     0x000028f0      0x46b grbl/eeprom.o
 .debug_loc     0x00002d5b      0x9c9 grbl/settings.o
 .debug_loc     0x00003724      0x71b grbl/planner.o
 .debug_loc     0x00003e3f      0x65f grbl/nuts_bolts.o
 .debug_loc     0x0000449e      0x764 grbl/limits.o
 .debug_loc     0x00004c02      0x809 grbl/print.o
 .debug_loc     0x0000540b       0x21 grbl/probe.o
 .debug_loc     0x0000542c      0x659 grbl/report.o
 .debug_loc     0x00005a85      0x4d9 grbl/system.o

.debug_macinfo
 *(.debug_macinfo)

.debug_weaknames
 *(.debug_weaknames)

.debug_funcnames
 *(.debug_funcnames)

.debug_typenames
 *(.debug_typenames)

.debug_varnames
 *(.debug_varnames)

.debug_pubtypes
 *(.debug_pubtypes)

.debug_ranges   0x00000000      0x568
 *(.debug_ranges)
 .debug_ranges  0x00000000       0x28 grbl/jogging.o
 .debug_ranges  0x00000028       0x10 grbl/main.o
 .debug_ranges  0x00000038       0x38 grbl/motion_control.o
 .debug_ranges  0x00000070       0x78 grbl/gcode.o
 .debug_ranges  0x000000e8       0x28 grbl/spindle_control.o
 .debug_ranges  0x00000110       0x28 grbl/coolant_control.o
 .debug_ranges  0x00000138       0x48 grbl/serial.o
 .debug_ranges  0x00000180       0x60 grbl/protocol.o
 .debug_ranges  0x000001e0       0x50 grbl/stepper.o
 .debug_ranges  0x00000230       0x28 grbl/eeprom.o
 .debug_ranges  0x00000258       0xc8 grbl/settings.o
 .debug_ranges  0x00000320       0x90 grbl/planner.o
 .debug_ranges  0x000003b0       0x28 grbl/nuts_bolts.o
 .debug_ranges  0x000003d8       0x48 grbl/limits.o
 .debug_ranges  0x00000420       0x78 grbl/print.o
 .debug_ranges  0x00000498       0x28 grbl/probe.o
 .debug_ranges  0x000004c0       0x68 grbl/report.o
 .debug_ranges  0x00000528       0x40 grbl/system.o

.debug_macro
 *(.debug_macro)
OUTPUT(morres83_GRBL-JOG.elf elf32-avr)
LOAD linker stubs
