Archive member included because of file (symbol)

c:/program files (x86)/atmel/atmel toolchain/avr8 gcc/native/3.4.1061/avr8-gnu-toolchain/bin/../lib/gcc/avr/4.8.1/../../../../avr/lib/avr5\libm.a(addsf3.o)
                              grbl/jogging.o (__subsf3)
c:/program files (x86)/atmel/atmel toolchain/avr8 gcc/native/3.4.1061/avr8-gnu-toolchain/bin/../lib/gcc/avr/4.8.1/../../../../avr/lib/avr5\libm.a(addsf3x.o)
                              c:/program files (x86)/atmel/atmel toolchain/avr8 gcc/native/3.4.1061/avr8-gnu-toolchain/bin/../lib/gcc/avr/4.8.1/../../../../avr/lib/avr5\libm.a(addsf3.o) (__addsf3x)
c:/program files (x86)/atmel/atmel toolchain/avr8 gcc/native/3.4.1061/avr8-gnu-toolchain/bin/../lib/gcc/avr/4.8.1/../../../../avr/lib/avr5\libm.a(atan2.o)
                              grbl/motion_control.o (atan2)
c:/program files (x86)/atmel/atmel toolchain/avr8 gcc/native/3.4.1061/avr8-gnu-toolchain/bin/../lib/gcc/avr/4.8.1/../../../../avr/lib/avr5\libm.a(atan.o)
                              c:/program files (x86)/atmel/atmel toolchain/avr8 gcc/native/3.4.1061/avr8-gnu-toolchain/bin/../lib/gcc/avr/4.8.1/../../../../avr/lib/avr5\libm.a(atan2.o) (atan)
c:/program files (x86)/atmel/atmel toolchain/avr8 gcc/native/3.4.1061/avr8-gnu-toolchain/bin/../lib/gcc/avr/4.8.1/../../../../avr/lib/avr5\libm.a(ceil.o)
                              grbl/stepper.o (ceil)
c:/program files (x86)/atmel/atmel toolchain/avr8 gcc/native/3.4.1061/avr8-gnu-toolchain/bin/../lib/gcc/avr/4.8.1/../../../../avr/lib/avr5\libm.a(cmpsf2.o)
                              grbl/gcode.o (__eqsf2)
c:/program files (x86)/atmel/atmel toolchain/avr8 gcc/native/3.4.1061/avr8-gnu-toolchain/bin/../lib/gcc/avr/4.8.1/../../../../avr/lib/avr5\libm.a(cos.o)
                              grbl/motion_control.o (cos)
c:/program files (x86)/atmel/atmel toolchain/avr8 gcc/native/3.4.1061/avr8-gnu-toolchain/bin/../lib/gcc/avr/4.8.1/../../../../avr/lib/avr5\libm.a(divsf3.o)
                              grbl/jogging.o (__divsf3)
c:/program files (x86)/atmel/atmel toolchain/avr8 gcc/native/3.4.1061/avr8-gnu-toolchain/bin/../lib/gcc/avr/4.8.1/../../../../avr/lib/avr5\libm.a(divsf3x.o)
                              c:/program files (x86)/atmel/atmel toolchain/avr8 gcc/native/3.4.1061/avr8-gnu-toolchain/bin/../lib/gcc/avr/4.8.1/../../../../avr/lib/avr5\libm.a(divsf3.o) (__divsf3x)
c:/program files (x86)/atmel/atmel toolchain/avr8 gcc/native/3.4.1061/avr8-gnu-toolchain/bin/../lib/gcc/avr/4.8.1/../../../../avr/lib/avr5\libm.a(fixsfsi.o)
                              grbl/gcode.o (__fixsfsi)
c:/program files (x86)/atmel/atmel toolchain/avr8 gcc/native/3.4.1061/avr8-gnu-toolchain/bin/../lib/gcc/avr/4.8.1/../../../../avr/lib/avr5\libm.a(fixunssfsi.o)
                              grbl/motion_control.o (__fixunssfsi)
c:/program files (x86)/atmel/atmel toolchain/avr8 gcc/native/3.4.1061/avr8-gnu-toolchain/bin/../lib/gcc/avr/4.8.1/../../../../avr/lib/avr5\libm.a(floatsisf.o)
                              grbl/motion_control.o (__floatunsisf)
c:/program files (x86)/atmel/atmel toolchain/avr8 gcc/native/3.4.1061/avr8-gnu-toolchain/bin/../lib/gcc/avr/4.8.1/../../../../avr/lib/avr5\libm.a(floor.o)
                              grbl/motion_control.o (floor)
c:/program files (x86)/atmel/atmel toolchain/avr8 gcc/native/3.4.1061/avr8-gnu-toolchain/bin/../lib/gcc/avr/4.8.1/../../../../avr/lib/avr5\libm.a(fp_cmp.o)
                              c:/program files (x86)/atmel/atmel toolchain/avr8 gcc/native/3.4.1061/avr8-gnu-toolchain/bin/../lib/gcc/avr/4.8.1/../../../../avr/lib/avr5\libm.a(cmpsf2.o) (__fp_cmp)
c:/program files (x86)/atmel/atmel toolchain/avr8 gcc/native/3.4.1061/avr8-gnu-toolchain/bin/../lib/gcc/avr/4.8.1/../../../../avr/lib/avr5\libm.a(fp_inf.o)
                              c:/program files (x86)/atmel/atmel toolchain/avr8 gcc/native/3.4.1061/avr8-gnu-toolchain/bin/../lib/gcc/avr/4.8.1/../../../../avr/lib/avr5\libm.a(addsf3x.o) (__fp_inf)
c:/program files (x86)/atmel/atmel toolchain/avr8 gcc/native/3.4.1061/avr8-gnu-toolchain/bin/../lib/gcc/avr/4.8.1/../../../../avr/lib/avr5\libm.a(fp_mintl.o)
                              c:/program files (x86)/atmel/atmel toolchain/avr8 gcc/native/3.4.1061/avr8-gnu-toolchain/bin/../lib/gcc/avr/4.8.1/../../../../avr/lib/avr5\libm.a(ceil.o) (__fp_mintl)
c:/program files (x86)/atmel/atmel toolchain/avr8 gcc/native/3.4.1061/avr8-gnu-toolchain/bin/../lib/gcc/avr/4.8.1/../../../../avr/lib/avr5\libm.a(fp_mpack.o)
                              c:/program files (x86)/atmel/atmel toolchain/avr8 gcc/native/3.4.1061/avr8-gnu-toolchain/bin/../lib/gcc/avr/4.8.1/../../../../avr/lib/avr5\libm.a(ceil.o) (__fp_mpack)
c:/program files (x86)/atmel/atmel toolchain/avr8 gcc/native/3.4.1061/avr8-gnu-toolchain/bin/../lib/gcc/avr/4.8.1/../../../../avr/lib/avr5\libm.a(fp_nan.o)
[...]
Memory Configuration

Name             Origin             Length             Attributes
text             0x00000000         0x00020000         xr
data             0x00800060         0x0000ffa0         rw !x
eeprom           0x00810000         0x00010000         rw !x
fuse             0x00820000         0x00000400         rw !x
lock             0x00830000         0x00000400         rw !x
signature        0x00840000         0x00000400         rw !x
user_signatures  0x00850000         0x00000400         rw !x
*default*        0x00000000         0xffffffff

Linker script and memory map

Address of section .data set to 0x800100
LOAD c:/program files (x86)/atmel/atmel toolchain/avr8 gcc/native/3.4.1061/avr8-gnu-toolchain/bin/../lib/gcc/avr/4.8.1/../../../../avr/lib/avr5/crtm644.o
LOAD grbl/jogging.o
LOAD grbl/main.o
LOAD grbl/motion_control.o
LOAD grbl/gcode.o
LOAD grbl/spindle_control.o
LOAD grbl/coolant_control.o
LOAD grbl/serial.o
LOAD grbl/protocol.o
LOAD grbl/stepper.o
LOAD grbl/eeprom.o
LOAD grbl/settings.o
LOAD grbl/planner.o
LOAD grbl/nuts_bolts.o
LOAD grbl/limits.o
LOAD grbl/print.o
LOAD grbl/probe.o
LOAD grbl/report.o
LOAD grbl/system.o
START GROUP
LOAD c:/program files (x86)/atmel/atmel toolchain/avr8 gcc/native/3.4.1061/avr8-gnu-toolchain/bin/../lib/gcc/avr/4.8.1/../../../../avr/lib/avr5\libm.a
END GROUP
START GROUP
LOAD c:/program files (x86)/atmel/atmel toolchain/avr8 gcc/native/3.4.1061/avr8-gnu-toolchain/bin/../lib/gcc/avr/4.8.1/avr5\libgcc.a
LOAD c:/program files (x86)/atmel/atmel toolchain/avr8 gcc/native/3.4.1061/avr8-gnu-toolchain/bin/../lib/gcc/avr/4.8.1/../../../../avr/lib/avr5\libm.a
LOAD c:/program files (x86)/atmel/atmel toolchain/avr8 gcc/native/3.4.1061/avr8-gnu-toolchain/bin/../lib/gcc/avr/4.8.1/../../../../avr/lib/avr5\libc.a
END GROUP

.hash
 *(.hash)

.dynsym
 *(.dynsym)

.dynstr
 *(.dynstr)

.gnu.version
 *(.gnu.version)

.gnu.version_d
 *(.gnu.version_d)

.gnu.version_r
 *(.gnu.version_r)

.rel.init
 *(.rel.init)

.rela.init
 *(.rela.init)

.rel.text
 *(.rel.text)
 *(.rel.text.*)
 *(.rel.gnu.linkonce.t*)

.rela.text
 *(.rela.text)
 *(.rela.text.*)
 *(.rela.gnu.linkonce.t*)

.rel.fini
 *(.rel.fini)

.rela.fini
 *(.rela.fini)

.rel.rodata
 *(.rel.rodata)
 *(.rel.rodata.*)
 *(.rel.gnu.linkonce.r*)

.rela.rodata
 *(.rela.rodata)
 *(.rela.rodata.*)
 *(.rela.gnu.linkonce.r*)

.rel.data
 *(.rel.data)
 *(.rel.data.*)
 *(.rel.gnu.linkonce.d*)

.rela.data
 *(.rela.data)
 *(.rela.data.*)
 *(.rela.gnu.linkonce.d*)

.rel.ctors
 *(.rel.ctors)

.rela.ctors
 *(.rela.ctors)

.rel.dtors
 *(.rel.dtors)

.rela.dtors
 *(.rela.dtors)

.rel.got
 *(.rel.got)

.rela.got
 *(.rela.got)

.rel.bss
 *(.rel.bss)

.rela.bss
 *(.rela.bss)

.rel.plt
 *(.rel.plt)

.rela.plt
 *(.rela.plt)

.text           0x00000000     0x8012
 *(.vectors)
 .vectors       0x00000000       0x70 c:/program files (x86)/atmel/atmel toolchain/avr8 gcc/native/3.4.1061/avr8-gnu-toolchain/bin/../lib/gcc/avr/4.8.1/../../../../avr/lib/avr5/crtm644.o
                0x00000000                __vector_default
                0x00000000                __vectors
 *(.vectors)
 *(.progmem.gcc*)
 .progmem.gcc_sw_table.gc_execute_line
                0x00000070      0x146 grbl/gcode.o
 .progmem.gcc_sw_table.settings_store_global_setting
                0x000001b6       0x40 grbl/settings.o
 .progmem.gcc_sw_table.report_status_message
                0x000001f6       0x2c grbl/report.o
 .progmem.gcc_sw_table.report_gcode_modes
                0x00000222       0x12 grbl/report.o
 .progmem.gcc_fplib
                0x00000234       0x2d c:/program files (x86)/atmel/atmel toolchain/avr8 gcc/native/3.4.1061/avr8-gnu-toolchain/bin/../lib/gcc/avr/4.8.1/../../../../avr/lib/avr5\libm.a(atan.o)
 .progmem.gcc_fplib
                0x00000261       0x1e c:/program files (x86)/atmel/atmel toolchain/avr8 gcc/native/3.4.1061/avr8-gnu-toolchain/bin/../lib/gcc/avr/4.8.1/../../../../avr/lib/avr5\libm.a(fp_sinus.o)
                0x00000280                . = ALIGN (0x2)
 *fill*         0x0000027f        0x1 
                0x00000280                __trampolines_start = .
 *(.trampolines)
 .trampolines   0x00000280        0x0 linker stubs
 *(.trampolines*)
                0x00000280                __trampolines_end = .
 *(.progmem*)
 .progmem.data.__c.2351
                0x00000280        0x7 grbl/jogging.o
 .progmem.data.__c.2349
                0x00000287        0x4 grbl/jogging.o
 .progmem.data.__c.2725
                0x0000028b        0x4 grbl/report.o
 .progmem.data.__c.2723
                0x0000028f        0x5 grbl/report.o
 .progmem.data.__c.2721
                0x00000294        0x6 grbl/report.o
 .progmem.data.__c.2716
                0x0000029a        0x2 grbl/report.o
 .progmem.data.__c.2714
                0x0000029c        0x7 grbl/report.o
 .progmem.data.__c.2709
                0x000002a3        0x2 grbl/report.o
 .progmem.data.__c.2707
                0x000002a5        0x7 grbl/report.o
 .progmem.data.__c.2705
                0x000002ac        0x5 grbl/report.o
 .progmem.data.__c.2702
                0x000002b1        0x6 grbl/report.o
 .progmem.data.__c.2699
                0x000002b7        0x7 grbl/report.o
 .progmem.data.__c.2696
                0x000002be        0x7 grbl/report.o
 .progmem.data.__c.2693
                0x000002c5        0x6 grbl/report.o
 .progmem.data.__c.2690
                0x000002cb        0x6 grbl/report.o
 .progmem.data.__c.2687
                0x000002d1        0x5 grbl/report.o
 .progmem.data.__c.2682
                0x000002d6        0x6 grbl/report.o
 .progmem.data.__c.2674
                0x000002dc        0x4 grbl/report.o
 .progmem.data.__c.2672
                0x000002e0       0x19 grbl/report.o
 .progmem.data.__c.2667
                0x000002f9        0x3 grbl/report.o
 .progmem.data.__c.2665
                0x000002fc        0x2 grbl/report.o
 .progmem.data.__c.2663
                0x000002fe        0x3 grbl/report.o
 .progmem.data.__c.2657
                0x00000301        0x4 grbl/report.o
 .progmem.data.__c.2655
                0x00000305        0x3 grbl/report.o
 .progmem.data.__c.2653
                0x00000308        0x3 grbl/report.o
 .progmem.data.__c.2651
                0x0000030b        0x4 grbl/report.o
 .progmem.data.__c.2647
                0x0000030f        0x4 grbl/report.o
 .progmem.data.__c.2644
                0x00000313        0x4 grbl/report.o
 .progmem.data.__c.2641
                0x00000317        0x4 grbl/report.o
 .progmem.data.__c.2637
                0x0000031b        0x4 grbl/report.o
 .progmem.data.__c.2634
                0x0000031f        0x4 grbl/report.o
 .progmem.data.__c.2631
                0x00000323        0x4 grbl/report.o
 .progmem.data.__c.2627
                0x00000327        0x4 grbl/report.o
 .progmem.data.__c.2624
                0x0000032b        0x5 grbl/report.o
 .progmem.data.__c.2622
                0x00000330        0x5 grbl/report.o
 .progmem.data.__c.2620
                0x00000335        0x5 grbl/report.o
 .progmem.data.__c.2618
                0x0000033a        0x5 grbl/report.o
 .progmem.data.__c.2616
                0x0000033f        0x5 grbl/report.o
 .progmem.data.__c.2614
                0x00000344        0x5 grbl/report.o
 .progmem.data.__c.2612
                0x00000349        0x5 grbl/report.o
 .progmem.data.__c.2609
                0x0000034e        0x5 grbl/report.o
 .progmem.data.__c.2605
                0x00000353        0x5 grbl/report.o
 .progmem.data.__c.2602
                0x00000358        0x3 grbl/report.o
 .progmem.data.__c.2600
                0x0000035b        0x4 grbl/report.o
 .progmem.data.__c.2597
                0x0000035f        0x6 grbl/report.o
 .progmem.data.__c.2594
                0x00000365        0x6 grbl/report.o
 .progmem.data.__c.2591
                0x0000036b        0x6 grbl/report.o
 .progmem.data.__c.2588
                0x00000371        0x6 grbl/report.o
 .progmem.data.__c.2585
                0x00000377        0x3 grbl/report.o
 .progmem.data.__c.2582
                0x0000037a        0x3 grbl/report.o
 .progmem.data.__c.2579
                0x0000037d        0x3 grbl/report.o
 .progmem.data.__c.2575
                0x00000380        0x3 grbl/report.o
 .progmem.data.__c.2572
                0x00000383        0x2 grbl/report.o
 .progmem.data.__c.2568
                0x00000385        0x4 grbl/report.o
 .progmem.data.__c.2566
                0x00000389        0x6 grbl/report.o
 .progmem.data.__c.2561
                0x0000038f        0x4 grbl/report.o
 .progmem.data.__c.2559
                0x00000393        0x2 grbl/report.o
 .progmem.data.__c.2557
                0x00000395        0x6 grbl/report.o
 .progmem.data.__c.2549
                0x0000039b        0x4 grbl/report.o
 .progmem.data.__c.2547
                0x0000039f        0x2 grbl/report.o
 .progmem.data.__c.2545
                0x000003a1        0x2 grbl/report.o
 .progmem.data.__c.2542
                0x000003a3        0x3 grbl/report.o
 .progmem.data.__c.2538
                0x000003a6        0x3 grbl/report.o
 .progmem.data.__c.2535
                0x000003a9        0x3 grbl/report.o
 .progmem.data.__c.2528
                0x000003ac        0x4 grbl/report.o
 .progmem.data.__c.2526
                0x000003b0        0x2 grbl/report.o
 .progmem.data.__c.2521
                0x000003b2        0x2 grbl/report.o
 .progmem.data.__c.2519
                0x000003b4        0x6 grbl/report.o
 .progmem.data.__c.2507
                0x000003ba        0x4 grbl/report.o
 .progmem.data.__c.2505
                0x000003be       0x10 grbl/report.o
 .progmem.data.__c.2502
                0x000003ce       0x11 grbl/report.o
 .progmem.data.__c.2499
                0x000003df       0x12 grbl/report.o
 .progmem.data.__c.2495
                0x000003f1        0xa grbl/report.o
 .progmem.data.__c.2492
                0x000003fb        0x2 grbl/report.o
 .progmem.data.__c.2489
                0x000003fd        0x2 grbl/report.o
 .progmem.data.__c.2485
                0x000003ff        0x2 grbl/report.o
 .progmem.data.__c.2482
                0x00000401        0x3 grbl/report.o
 .progmem.data.__c.2475
                0x00000404        0x2 grbl/report.o
 .progmem.data.__c.2473
                0x00000406        0x2 grbl/report.o
 .progmem.data.__c.2468
                0x00000408       0x16 grbl/report.o
 .progmem.data.__c.2466
                0x0000041e       0x1d grbl/report.o
 .progmem.data.__c.2464
                0x0000043b       0x1d grbl/report.o
 .progmem.data.__c.2462
                0x00000458       0x1f grbl/report.o
 .progmem.data.__c.2460
                0x00000477       0x1d grbl/report.o
 .progmem.data.__c.2458
                0x00000494       0x1d grbl/report.o
 .progmem.data.__c.2456
                0x000004b1        0x8 grbl/report.o
 .progmem.data.__c.2454
                0x000004b9       0x1a grbl/report.o
 .progmem.data.__c.2452
                0x000004d3       0x1c grbl/report.o
 .progmem.data.__c.2450
                0x000004ef       0x1b grbl/report.o
 .progmem.data.__c.2448
                0x0000050a       0x1b grbl/report.o
 .progmem.data.__c.2446
                0x00000525       0x1d grbl/report.o
 .progmem.data.__c.2444
                0x00000542       0x1b grbl/report.o
 .progmem.data.__c.2442
                0x0000055d       0x20 grbl/report.o
 .progmem.data.__c.2440
                0x0000057d        0x8 grbl/report.o
 .progmem.data.__c.2438
                0x00000585       0x16 grbl/report.o
 .progmem.data.__c.2436
                0x0000059b       0x20 grbl/report.o
 .progmem.data.__c.2434
                0x000005bb       0x20 grbl/report.o
 .progmem.data.__c.2432
                0x000005db       0x21 grbl/report.o
 .progmem.data.__c.2430
                0x000005fc        0x7 grbl/report.o
 .progmem.data.__c.2428
                0x00000603       0x18 grbl/report.o
 .progmem.data.__c.2426
                0x0000061b        0x7 grbl/report.o
 .progmem.data.__c.2424
                0x00000622       0x19 grbl/report.o
 .progmem.data.__c.2422
                0x0000063b       0x1e grbl/report.o
 .progmem.data.__c.2420
                0x00000659       0x19 grbl/report.o
 .progmem.data.__c.2418
                0x00000672        0x4 grbl/report.o
 .progmem.data.__c.2414
                0x00000676      0x144 grbl/report.o
 .progmem.data.__c.2410
                0x000007ba       0x26 grbl/report.o
 .progmem.data.__c.2406
                0x000007e0        0x4 grbl/report.o
 .progmem.data.__c.2404
                0x000007e4        0xb grbl/report.o
 .progmem.data.__c.2401
                0x000007ef        0x9 grbl/report.o
 .progmem.data.__c.2398
                0x000007f8        0x8 grbl/report.o
 .progmem.data.__c.2395
                0x00000800       0x12 grbl/report.o
 .progmem.data.__c.2392
                0x00000812       0x14 grbl/report.o
 .progmem.data.__c.2388
                0x00000826       0x12 grbl/report.o
 .progmem.data.__c.2385
                0x00000838        0x2 grbl/report.o
 .progmem.data.__c.2380
                0x0000083a        0x3 grbl/report.o
 .progmem.data.__c.2378
                0x0000083d        0xb grbl/report.o
 .progmem.data.__c.2375
                0x00000848       0x13 grbl/report.o
 .progmem.data.__c.2372
                0x0000085b        0xb grbl/report.o
 .progmem.data.__c.2368
                0x00000866        0xb grbl/report.o
 .progmem.data.__c.2365
                0x00000871        0x8 grbl/report.o
 .progmem.data.__c.2360
                0x00000879        0x3 grbl/report.o
 .progmem.data.__c.2358
                0x0000087c       0x12 grbl/report.o
 .progmem.data.__c.2355
                0x0000088e       0x14 grbl/report.o
 .progmem.data.__c.2352
                0x000008a2       0x14 grbl/report.o
 .progmem.data.__c.2349
                0x000008b6       0x16 grbl/report.o
 .progmem.data.__c.2346
                0x000008cc       0x20 grbl/report.o
 .progmem.data.__c.2343
                0x000008ec        0xe grbl/report.o
 .progmem.data.__c.2340
                0x000008fa       0x13 grbl/report.o
 .progmem.data.__c.2337
                0x0000090d        0xb grbl/report.o
 .progmem.data.__c.2334
                0x00000918        0x9 grbl/report.o
 .progmem.data.__c.2331
                0x00000921       0x21 grbl/report.o
 .progmem.data.__c.2328
                0x00000942        0xf grbl/report.o
 .progmem.data.__c.2325
                0x00000951       0x11 grbl/report.o
 .progmem.data.__c.2322
                0x00000962        0xa grbl/report.o
 .progmem.data.__c.2319
                0x0000096c       0x12 grbl/report.o
 .progmem.data.__c.2316
                0x0000097e       0x12 grbl/report.o
 .progmem.data.__c.2312
                0x00000990       0x18 grbl/report.o
 .progmem.data.__c.2309
                0x000009a8        0x8 grbl/report.o
 .progmem.data.__c.2307
                0x000009b0        0x5 grbl/report.o
                0x000009b6                . = ALIGN (0x2)
 *fill*         0x000009b5        0x1 
 *(.jumptables)
 *(.jumptables*)
 *(.lowtext)
 *(.lowtext*)
                0x000009b6                __ctors_start = .
 *(.ctors)
                0x000009b6                __ctors_end = .
                0x000009b6                __dtors_start = .
 *(.dtors)
                0x000009b6                __dtors_end = .
 SORT(*)(.ctors)
 SORT(*)(.dtors)
 *(.init0)
 .init0         0x000009b6        0x0 c:/program files (x86)/atmel/atmel toolchain/avr8 gcc/native/3.4.1061/avr8-gnu-toolchain/bin/../lib/gcc/avr/4.8.1/../../../../avr/lib/avr5/crtm644.o
                0x000009b6                __init
 *(.init0)
 *(.init1)
 *(.init1)
 *(.init2)
 .init2         0x000009b6        0xc c:/program files (x86)/atmel/atmel toolchain/avr8 gcc/native/3.4.1061/avr8-gnu-toolchain/bin/../lib/gcc/avr/4.8.1/../../../../avr/lib/avr5/crtm644.o
 *(.init2)
 *(.init3)
 *(.init3)
 *(.init4)
 .init4         0x000009c2       0x16 c:/program files (x86)/atmel/atmel toolchain/avr8 gcc/native/3.4.1061/avr8-gnu-toolchain/bin/../lib/gcc/avr/4.8.1/avr5\libgcc.a(_copy_data.o)
                0x000009c2                __do_copy_data
 .init4         0x000009d8       0x10 c:/program files (x86)/atmel/atmel toolchain/avr8 gcc/native/3.4.1061/avr8-gnu-toolchain/bin/../lib/gcc/avr/4.8.1/avr5\libgcc.a(_clear_bss.o)
                0x000009d8                __do_clear_bss
 *(.init4)
 *(.init5)
 *(.init5)
 *(.init6)
 *(.init6)
 *(.init7)
 *(.init7)
 *(.init8)
 *(.init8)
 *(.init9)
 .init9         0x000009e8        0x8 c:/program files (x86)/atmel/atmel toolchain/avr8 gcc/native/3.4.1061/avr8-gnu-toolchain/bin/../lib/gcc/avr/4.8.1/../../../../avr/lib/avr5/crtm644.o
 *(.init9)
 *(.text)
 .text          0x000009f0        0x4 c:/program files (x86)/atmel/atmel toolchain/avr8 gcc/native/3.4.1061/avr8-gnu-toolchain/bin/../lib/gcc/avr/4.8.1/../../../../avr/lib/avr5/crtm644.o
                0x000009f0                __vector_22
                0x000009f0                __vector_1
                0x000009f0                __vector_24
                0x000009f0                __vector_12
                0x000009f0                __bad_interrupt
                0x000009f0                __vector_3
                0x000009f0                __vector_23
                0x000009f0                __vector_25
                0x000009f0                __vector_11
                0x000009f0                __vector_17
                0x000009f0                __vector_19
                0x000009f0                __vector_7
                0x000009f0                __vector_27
                0x000009f0                __vector_4
                0x000009f0                __vector_9
                0x000009f0                __vector_2
                0x000009f0                __vector_15
                0x000009f0                __vector_8
                0x000009f0                __vector_26
                0x000009f0                __vector_14
                0x000009f0                __vector_10
                0x000009f0                __vector_16
                0x000009f4                . = ALIGN (0x2)
 *(.text.*)
 .text.jog_init
                0x000009f4       0x3c grbl/jogging.o
                0x000009f4                jog_init
 .text.jog_btn_release
                0x00000a30       0x16 grbl/jogging.o
                0x00000a30                jog_btn_release
 .text.spindle_btn_release
                0x00000a46       0x14 grbl/jogging.o
                0x00000a46                spindle_btn_release
 .text.jogging  0x00000a5a      0x5e0 grbl/jogging.o
                0x00000a5a                jogging
 .text.main     0x0000103a       0x7a grbl/main.o
                0x0000103a                main
 .text.mc_line  0x000010b4       0x6c grbl/motion_control.o
                0x000010b4                mc_line
 .text.mc_arc   0x00001120      0x638 grbl/motion_control.o
                0x00001120                mc_arc
 .text.mc_dwell
                0x00001758       0xcc grbl/motion_control.o
                0x00001758                mc_dwell
 .text.mc_homing_cycle
                0x00001824       0x26 grbl/motion_control.o
                0x00001824                mc_homing_cycle
 .text.mc_probe_cycle
                0x0000184a      0x110 grbl/motion_control.o
                0x0000184a                mc_probe_cycle
 .text.mc_reset
                0x0000195a       0x46 grbl/motion_control.o
                0x0000195a                mc_reset
 .text.gc_init  0x000019a0       0x24 grbl/gcode.o
                0x000019a0                gc_init
 .text.gc_sync_position
                0x000019c4        0xe grbl/gcode.o
                0x000019c4                gc_sync_position
 .text.gc_execute_line
                0x000019d2     0x1594 grbl/gcode.o
                0x000019d2                gc_execute_line
 .text.spindle_stop
                0x00002f66        0x4 grbl/spindle_control.o
                0x00002f66                spindle_stop
 .text.spindle_init
                0x00002f6a        0x8 grbl/spindle_control.o
                0x00002f6a                spindle_init
 .text.spindle_set_state
                0x00002f72        0xe grbl/spindle_control.o
                0x00002f72                spindle_set_state
 .text.spindle_run
                0x00002f80       0x32 grbl/spindle_control.o
                0x00002f80                spindle_run
 .text.coolant_stop
                0x00002fb2        0x4 grbl/coolant_control.o
                0x00002fb2                coolant_stop
 .text.coolant_init
                0x00002fb6        0x8 grbl/coolant_control.o
                0x00002fb6                coolant_init
 .text.coolant_set_state
                0x00002fbe        0xe grbl/coolant_control.o
                0x00002fbe                coolant_set_state
 .text.coolant_run
                0x00002fcc       0x1a grbl/coolant_control.o
                0x00002fcc                coolant_run
 .text.serial_get_rx_buffer_count
                0x00002fe6       0x16 grbl/serial.o
                0x00002fe6                serial_get_rx_buffer_count
 .text.serial_init
                0x00002ffc       0x2c grbl/serial.o
                0x00002ffc                serial_init
 .text.serial_write
                0x00003028       0x3e grbl/serial.o
                0x00003028                serial_write
 .text.__vector_21
                0x00003066       0x54 grbl/serial.o
                0x00003066                __vector_21
 .text.serial_read
                0x000030ba       0x28 grbl/serial.o
                0x000030ba                serial_read
 .text.__vector_20
                0x000030e2       0xd2 grbl/serial.o
                0x000030e2                __vector_20
 .text.serial_reset_read_buffer
                0x000031b4        0xa grbl/serial.o
                0x000031b4                serial_reset_read_buffer
 .text.protocol_execute_realtime
                0x000031be      0x2ba grbl/protocol.o
                0x000031be                protocol_execute_realtime
 .text.protocol_process
                0x00003478      0x116 grbl/protocol.o
                0x00003478                protocol_process
 .text.protocol_auto_cycle_start
                0x0000358e       0x12 grbl/protocol.o
                0x0000358e                protocol_auto_cycle_start
 .text.protocol_main_loop
                0x000035a0       0x5c grbl/protocol.o
                0x000035a0                protocol_main_loop
 .text.protocol_buffer_synchronize
                0x000035fc       0x38 grbl/protocol.o
                0x000035fc                protocol_buffer_synchronize
 .text.st_wake_up
                0x00003634       0x7e grbl/stepper.o
                0x00003634                st_wake_up
 .text.st_go_idle
                0x000036b2       0x5c grbl/stepper.o
                0x000036b2                st_go_idle
 .text.__vector_13
                0x0000370e      0x42c grbl/stepper.o
                0x0000370e                __vector_13
 .text.__vector_18
                0x00003b3a       0x2c grbl/stepper.o
                0x00003b3a                __vector_18
 .text.st_generate_step_dir_invert_masks
                0x00003b66       0x94 grbl/stepper.o
                0x00003b66                st_generate_step_dir_invert_masks
 .text.st_reset
                0x00003bfa       0x58 grbl/stepper.o
                0x00003bfa                st_reset
 .text.stepper_init
                0x00003c52       0x44 grbl/stepper.o
                0x00003c52                stepper_init
 .text.st_update_plan_block_parameters
                0x00003c96       0x44 grbl/stepper.o
                0x00003c96                st_update_plan_block_parameters
 .text.st_prep_buffer
                0x00003cda      0xd58 grbl/stepper.o
                0x00003cda                st_prep_buffer
 .text.eeprom_get_char
                0x00004a32       0x10 grbl/eeprom.o
                0x00004a32                eeprom_get_char
 .text.eeprom_put_char
                0x00004a42       0x3e grbl/eeprom.o
                0x00004a42                eeprom_put_char
 .text.memcpy_to_eeprom_with_checksum
                0x00004a80       0x8c grbl/eeprom.o
                0x00004a80                memcpy_to_eeprom_with_checksum
 .text.memcpy_from_eeprom_with_checksum
                0x00004b0c       0x9c grbl/eeprom.o
                0x00004b0c                memcpy_from_eeprom_with_checksum
 .text.settings_store_startup_line
                0x00004ba8       0x14 grbl/settings.o
                0x00004ba8                settings_store_startup_line
 .text.settings_store_build_info
                0x00004bbc       0x10 grbl/settings.o
                0x00004bbc                settings_store_build_info
 .text.settings_write_coord_data
                0x00004bcc       0x14 grbl/settings.o
                0x00004bcc                settings_write_coord_data
 .text.write_global_settings
                0x00004be0       0x1c grbl/settings.o
                0x00004be0                write_global_settings
 .text.settings_restore_global_settings
                0x00004bfc      0x1ce grbl/settings.o
                0x00004bfc                settings_restore_global_settings
 .text.settings_clear_startup_lines
                0x00004dca       0x16 grbl/settings.o
                0x00004dca                settings_clear_startup_lines
 .text.settings_clear_build_info
                0x00004de0        0xc grbl/settings.o
                0x00004de0                settings_clear_build_info
 .text.settings_read_startup_line
                0x00004dec       0x3a grbl/settings.o
                0x00004dec                settings_read_startup_line
 .text.settings_read_build_info
                0x00004e26       0x2a grbl/settings.o
                0x00004e26                settings_read_build_info
 .text.settings_read_coord_data
                0x00004e50       0x42 grbl/settings.o
                0x00004e50                settings_read_coord_data
 .text.read_global_settings
                0x00004e92       0x2c grbl/settings.o
                0x00004e92                read_global_settings
 .text.settings_store_global_setting
                0x00004ebe      0x2be grbl/settings.o
                0x00004ebe                settings_store_global_setting
 .text.settings_init
                0x0000517c       0x6c grbl/settings.o
                0x0000517c                settings_init
 .text.get_step_pin_mask
                0x000051e8       0x14 grbl/settings.o
                0x000051e8                get_step_pin_mask
 .text.get_direction_pin_mask
                0x000051fc       0x14 grbl/settings.o
                0x000051fc                get_direction_pin_mask
 .text.get_limit_pin_mask
                0x00005210       0x14 grbl/settings.o
                0x00005210                get_limit_pin_mask
 .text.planner_recalculate
                0x00005224      0x260 grbl/planner.o
 .text.plan_reset
                0x00005484       0x22 grbl/planner.o
                0x00005484                plan_reset
 .text.plan_discard_current_block
                0x000054a6       0x28 grbl/planner.o
                0x000054a6                plan_discard_current_block
 .text.plan_get_current_block
                0x000054ce       0x20 grbl/planner.o
                0x000054ce                plan_get_current_block
 .text.plan_get_exec_block_exit_speed
                0x000054ee       0x36 grbl/planner.o
                0x000054ee                plan_get_exec_block_exit_speed
 .text.plan_check_full_buffer
                0x00005524       0x10 grbl/planner.o
                0x00005524                plan_check_full_buffer
 .text.plan_buffer_line
                0x00005534      0x634 grbl/planner.o
                0x00005534                plan_buffer_line
 .text.plan_sync_position
                0x00005b68       0x62 grbl/planner.o
                0x00005b68                plan_sync_position
 .text.plan_get_block_buffer_count
                0x00005bca       0x16 grbl/planner.o
                0x00005bca                plan_get_block_buffer_count
 .text.plan_cycle_reinitialize
                0x00005be0       0x12 grbl/planner.o
                0x00005be0                plan_cycle_reinitialize
 .text.read_float
                0x00005bf2      0x198 grbl/nuts_bolts.o
                0x00005bf2                read_float
 .text.delay_ms
                0x00005d8a       0x18 grbl/nuts_bolts.o
                0x00005d8a                delay_ms
 .text.delay_us
                0x00005da2       0x84 grbl/nuts_bolts.o
                0x00005da2                delay_us
 .text.hypot_f  0x00005e26       0x4e grbl/nuts_bolts.o
                0x00005e26                hypot_f
 .text.limits_disable
                0x00005e74       0x16 grbl/limits.o
                0x00005e74                limits_disable
 .text.limits_init
                0x00005e8a       0x30 grbl/limits.o
                0x00005e8a                limits_init
 .text.__vector_5
                0x00005eba       0x68 grbl/limits.o
                0x00005eba                __vector_5
 .text.limits_go_home
                0x00005f22      0x566 grbl/limits.o
                0x00005f22                limits_go_home
 .text.limits_soft_check
                0x00006488       0xc2 grbl/limits.o
                0x00006488                limits_soft_check
 .text.printString
                0x0000654a       0x1e grbl/print.o
                0x0000654a                printString
 .text.printPgmString
                0x00006568       0x24 grbl/print.o
                0x00006568                printPgmString
 .text.print_uint8_base2
                0x0000658c       0x68 grbl/print.o
                0x0000658c                print_uint8_base2
 .text.print_uint8_base10
                0x000065f4       0x78 grbl/print.o
                0x000065f4                print_uint8_base10
 .text.printFloat
                0x0000666c      0x17a grbl/print.o
                0x0000666c                printFloat
 .text.printFloat_CoordValue
                0x000067e6       0x24 grbl/print.o
                0x000067e6                printFloat_CoordValue
 .text.printFloat_RateValue
                0x0000680a       0x24 grbl/print.o
                0x0000680a                printFloat_RateValue
 .text.printFloat_SettingValue
                0x0000682e        0x8 grbl/print.o
                0x0000682e                printFloat_SettingValue
 .text.probe_init
                0x00006836        0x6 grbl/probe.o
                0x00006836                probe_init
 .text.probe_configure_invert_mask
                0x0000683c       0x24 grbl/probe.o
                0x0000683c                probe_configure_invert_mask
 .text.probe_get_state
                0x00006860        0xc grbl/probe.o
                0x00006860                probe_get_state
 .text.probe_state_monitor
                0x0000686c       0x32 grbl/probe.o
                0x0000686c                probe_state_monitor
 .text.report_status_message
                0x0000689e       0xe2 grbl/report.o
                0x0000689e                report_status_message
 .text.report_alarm_message
                0x00006980       0x5a grbl/report.o
                0x00006980                report_alarm_message
 .text.report_feedback_message
                0x000069da       0x6e grbl/report.o
                0x000069da                report_feedback_message
 .text.report_init_message
                0x00006a48        0xa grbl/report.o
                0x00006a48                report_init_message
 .text.report_grbl_help
                0x00006a52        0xa grbl/report.o
                0x00006a52                report_grbl_help
 .text.report_grbl_settings
                0x00006a5c      0x340 grbl/report.o
                0x00006a5c                report_grbl_settings
 .text.report_probe_parameters
                0x00006d9c       0x48 grbl/report.o
                0x00006d9c                report_probe_parameters
 .text.report_ngc_parameters
                0x00006de4      0x136 grbl/report.o
                0x00006de4                report_ngc_parameters
 .text.report_gcode_modes
                0x00006f1a      0x1b0 grbl/report.o
                0x00006f1a                report_gcode_modes
 .text.report_startup_line
                0x000070ca       0x36 grbl/report.o
                0x000070ca                report_startup_line
 .text.report_build_info
                0x00007100       0x22 grbl/report.o
                0x00007100                report_build_info
 .text.report_realtime_status
                0x00007122      0x204 grbl/report.o
                0x00007122                report_realtime_status
 .text.system_init
                0x00007326       0x22 grbl/system.o
                0x00007326                system_init
 .text.__vector_6
                0x00007348       0x76 grbl/system.o
                0x00007348                __vector_6
 .text.system_check_safety_door_ajar
                0x000073be        0x4 grbl/system.o
                0x000073be                system_check_safety_door_ajar
 .text.system_execute_startup
                0x000073c2       0x42 grbl/system.o
                0x000073c2                system_execute_startup
 .text.system_execute_line
                0x00007404      0x310 grbl/system.o
                0x00007404                system_execute_line
 .text.system_convert_axis_steps_to_mpos
                0x00007714       0x38 grbl/system.o
                0x00007714                system_convert_axis_steps_to_mpos
 .text.system_convert_array_steps_to_mpos
                0x0000774c       0x34 grbl/system.o
                0x0000774c                system_convert_array_steps_to_mpos
 .text.avr-libc.fplib
                0x00007780        0xa c:/program files (x86)/atmel/atmel toolchain/avr8 gcc/native/3.4.1061/avr8-gnu-toolchain/bin/../lib/gcc/avr/4.8.1/../../../../avr/lib/avr5\libm.a(addsf3.o)
                0x00007780                __subsf3
                0x00007782                __addsf3
 .text.avr-libc.fplib
                0x0000778a       0xc0 c:/program files (x86)/atmel/atmel toolchain/avr8 gcc/native/3.4.1061/avr8-gnu-toolchain/bin/../lib/gcc/avr/4.8.1/../../../../avr/lib/avr5\libm.a(addsf3x.o)
                0x000077a4                __addsf3x
 .text.avr-libc.fplib
                0x0000784a       0x74 c:/program files (x86)/atmel/atmel toolchain/avr8 gcc/native/3.4.1061/avr8-gnu-toolchain/bin/../lib/gcc/avr/4.8.1/../../../../avr/lib/avr5\libm.a(atan2.o)
                0x00007868                atan2
 .text.avr-libc.fplib
                0x000078be       0x50 c:/program files (x86)/atmel/atmel toolchain/avr8 gcc/native/3.4.1061/avr8-gnu-toolchain/bin/../lib/gcc/avr/4.8.1/../../../../avr/lib/avr5\libm.a(atan.o)
                0x000078be                atan
 .text.avr-libc.fplib
                0x0000790e       0x26 c:/program files (x86)/atmel/atmel toolchain/avr8 gcc/native/3.4.1061/avr8-gnu-toolchain/bin/../lib/gcc/avr/4.8.1/../../../../avr/lib/avr5\libm.a(ceil.o)
                0x0000790e                ceil
 .text.avr-libc.fplib
                0x00007934        0x8 c:/program files (x86)/atmel/atmel toolchain/avr8 gcc/native/3.4.1061/avr8-gnu-toolchain/bin/../lib/gcc/avr/4.8.1/../../../../avr/lib/avr5\libm.a(cmpsf2.o)
                0x00007934                __nesf2
                0x00007934                __eqsf2
                0x00007934                __cmpsf2
                0x00007934                __ltsf2
                0x00007934                __lesf2
 .text.avr-libc.fplib
                0x0000793c        0x6 c:/program files (x86)/atmel/atmel toolchain/avr8 gcc/native/3.4.1061/avr8-gnu-toolchain/bin/../lib/gcc/avr/4.8.1/../../../../avr/lib/avr5\libm.a(cos.o)
                0x0000793c                cos
 .text.avr-libc.fplib
                0x00007942        0x4 c:/program files (x86)/atmel/atmel toolchain/avr8 gcc/native/3.4.1061/avr8-gnu-toolchain/bin/../lib/gcc/avr/4.8.1/../../../../avr/lib/avr5\libm.a(divsf3.o)
                0x00007942                __divsf3
 .text.avr-libc.fplib
                0x00007946       0xcc c:/program files (x86)/atmel/atmel toolchain/avr8 gcc/native/3.4.1061/avr8-gnu-toolchain/bin/../lib/gcc/avr/4.8.1/../../../../avr/lib/avr5\libm.a(divsf3x.o)
                0x0000795c                __divsf3x
                0x00007960                __divsf3_pse
 .text.avr-libc.fplib
                0x00007a12        0xa c:/program files (x86)/atmel/atmel toolchain/avr8 gcc/native/3.4.1061/avr8-gnu-toolchain/bin/../lib/gcc/avr/4.8.1/../../../../avr/lib/avr5\libm.a(fixsfsi.o)
                0x00007a12                __fixsfsi
 .text.avr-libc.fplib
                0x00007a1c       0x58 c:/program files (x86)/atmel/atmel toolchain/avr8 gcc/native/3.4.1061/avr8-gnu-toolchain/bin/../lib/gcc/avr/4.8.1/../../../../avr/lib/avr5\libm.a(fixunssfsi.o)
                0x00007a1c                __fixunssfsi
 .text.avr-libc.fplib
                0x00007a74       0x7a c:/program files (x86)/atmel/atmel toolchain/avr8 gcc/native/3.4.1061/avr8-gnu-toolchain/bin/../lib/gcc/avr/4.8.1/../../../../avr/lib/avr5\libm.a(floatsisf.o)
                0x00007a74                __floatunsisf
                0x00007a78                __floatsisf
 .text.avr-libc.fplib
                0x00007aee       0x26 c:/program files (x86)/atmel/atmel toolchain/avr8 gcc/native/3.4.1061/avr8-gnu-toolchain/bin/../lib/gcc/avr/4.8.1/../../../../avr/lib/avr5\libm.a(floor.o)
                0x00007aee                floor
 .text.avr-libc.fplib
                0x00007b14       0x48 c:/program files (x86)/atmel/atmel toolchain/avr8 gcc/native/3.4.1061/avr8-gnu-toolchain/bin/../lib/gcc/avr/4.8.1/../../../../avr/lib/avr5\libm.a(fp_cmp.o)
                0x00007b14                __fp_cmp
 .text.avr-libc.fplib
                0x00007b5c        0xc c:/program files (x86)/atmel/atmel toolchain/avr8 gcc/native/3.4.1061/avr8-gnu-toolchain/bin/../lib/gcc/avr/4.8.1/../../../../avr/lib/avr5\libm.a(fp_inf.o)
                0x00007b5c                __fp_inf
 .text.avr-libc.fplib
                0x00007b68       0x36 c:/program files (x86)/atmel/atmel toolchain/avr8 gcc/native/3.4.1061/avr8-gnu-toolchain/bin/../lib/gcc/avr/4.8.1/../../../../avr/lib/avr5\libm.a(fp_mintl.o)
                0x00007b68                __fp_mintl
 .text.avr-libc.fplib
                0x00007b9e       0x1c c:/program files (x86)/atmel/atmel toolchain/avr8 gcc/native/3.4.1061/avr8-gnu-toolchain/bin/../lib/gcc/avr/4.8.1/../../../../avr/lib/avr5\libm.a(fp_mpack.o)
                0x00007b9e                __fp_mpack
                0x00007ba2                __fp_mpack_finite
 .text.avr-libc.fplib
                0x00007bba        0x6 c:/program files (x86)/atmel/atmel toolchain/avr8 gcc/native/3.4.1061/avr8-gnu-toolchain/bin/../lib/gcc/avr/4.8.1/../../../../avr/lib/avr5\libm.a(fp_nan.o)
                0x00007bba                __fp_nan
 .text.avr-libc.fplib
                0x00007bc0       0x4a c:/program files (x86)/atmel/atmel toolchain/avr8 gcc/native/3.4.1061/avr8-gnu-toolchain/bin/../lib/gcc/avr/4.8.1/../../../../avr/lib/avr5\libm.a(fp_powser.o)
                0x00007bc0                __fp_powser
 .text.avr-libc.fplib
                0x00007c0a        0xe c:/program files (x86)/atmel/atmel toolchain/avr8 gcc/native/3.4.1061/avr8-gnu-toolchain/bin/../lib/gcc/avr/4.8.1/../../../../avr/lib/avr5\libm.a(fp_pscA.o)
                0x00007c0a                __fp_pscA
 .text.avr-libc.fplib
                0x00007c18        0xe c:/program files (x86)/atmel/atmel toolchain/avr8 gcc/native/3.4.1061/avr8-gnu-toolchain/bin/../lib/gcc/avr/4.8.1/../../../../avr/lib/avr5\libm.a(fp_pscB.o)
                0x00007c18                __fp_pscB
 .text.avr-libc.fplib
                0x00007c26       0x50 c:/program files (x86)/atmel/atmel toolchain/avr8 gcc/native/3.4.1061/avr8-gnu-toolchain/bin/../lib/gcc/avr/4.8.1/../../../../avr/lib/avr5\libm.a(fp_rempio2.o)
                0x00007c28                __fp_rempio2
 .text.avr-libc.fplib
                0x00007c76       0x22 c:/program files (x86)/atmel/atmel toolchain/avr8 gcc/native/3.4.1061/avr8-gnu-toolchain/bin/../lib/gcc/avr/4.8.1/../../../../avr/lib/avr5\libm.a(fp_round.o)
                0x00007c76                __fp_round
 .text.avr-libc.fplib
                0x00007c98       0x22 c:/program files (x86)/atmel/atmel toolchain/avr8 gcc/native/3.4.1061/avr8-gnu-toolchain/bin/../lib/gcc/avr/4.8.1/../../../../avr/lib/avr5\libm.a(fp_sinus.o)
                0x00007c98                __fp_sinus
 .text.avr-libc.fplib
                0x00007cba       0x44 c:/program files (x86)/atmel/atmel toolchain/avr8 gcc/native/3.4.1061/avr8-gnu-toolchain/bin/../lib/gcc/avr/4.8.1/../../../../avr/lib/avr5\libm.a(fp_split3.o)
                0x00007cba                __fp_split3
                0x00007cca                __fp_splitA
 .text.avr-libc.fplib
                0x00007cfe       0x2e c:/program files (x86)/atmel/atmel toolchain/avr8 gcc/native/3.4.1061/avr8-gnu-toolchain/bin/../lib/gcc/avr/4.8.1/../../../../avr/lib/avr5\libm.a(fp_trunc.o)
                0x00007cfe                __fp_trunc
 .text.avr-libc.fplib
                0x00007d2c        0xe c:/program files (x86)/atmel/atmel toolchain/avr8 gcc/native/3.4.1061/avr8-gnu-toolchain/bin/../lib/gcc/avr/4.8.1/../../../../avr/lib/avr5\libm.a(fp_zero.o)
                0x00007d2c                __fp_zero
                0x00007d2e                __fp_szero
 .text.avr-libc.fplib
                0x00007d3a        0x8 c:/program files (x86)/atmel/atmel toolchain/avr8 gcc/native/3.4.1061/avr8-gnu-toolchain/bin/../lib/gcc/avr/4.8.1/../../../../avr/lib/avr5\libm.a(gesf2.o)
                0x00007d3a                __gesf2
                0x00007d3a                __gtsf2
 .text.avr-libc.fplib
                0x00007d42        0xe c:/program files (x86)/atmel/atmel toolchain/avr8 gcc/native/3.4.1061/avr8-gnu-toolchain/bin/../lib/gcc/avr/4.8.1/../../../../avr/lib/avr5\libm.a(inverse.o)
                0x00007d42                inverse
 .text.avr-libc.fplib
                0x00007d50       0x60 c:/program files (x86)/atmel/atmel toolchain/avr8 gcc/native/3.4.1061/avr8-gnu-toolchain/bin/../lib/gcc/avr/4.8.1/../../../../avr/lib/avr5\libm.a(lround.o)
                0x00007d50                lround
 .text.avr-libc.fplib
                0x00007db0        0x4 c:/program files (x86)/atmel/atmel toolchain/avr8 gcc/native/3.4.1061/avr8-gnu-toolchain/bin/../lib/gcc/avr/4.8.1/../../../../avr/lib/avr5\libm.a(mulsf3.o)
                0x00007db0                __mulsf3
 .text.avr-libc.fplib
                0x00007db4       0xc2 c:/program files (x86)/atmel/atmel toolchain/avr8 gcc/native/3.4.1061/avr8-gnu-toolchain/bin/../lib/gcc/avr/4.8.1/../../../../avr/lib/avr5\libm.a(mulsf3x.o)
                0x00007dc8                __mulsf3x
                0x00007dcc                __mulsf3_pse
 .text.avr-libc.fplib
                0x00007e76       0x40 c:/program files (x86)/atmel/atmel toolchain/avr8 gcc/native/3.4.1061/avr8-gnu-toolchain/bin/../lib/gcc/avr/4.8.1/../../../../avr/lib/avr5\libm.a(round.o)
                0x00007e76                round
 .text.avr-libc.fplib
                0x00007eb6        0xc c:/program files (x86)/atmel/atmel toolchain/avr8 gcc/native/3.4.1061/avr8-gnu-toolchain/bin/../lib/gcc/avr/4.8.1/../../../../avr/lib/avr5\libm.a(sin.o)
                0x00007eb6                sin
 .text.avr-libc.fplib
                0x00007ec2       0x84 c:/program files (x86)/atmel/atmel toolchain/avr8 gcc/native/3.4.1061/avr8-gnu-toolchain/bin/../lib/gcc/avr/4.8.1/../../../../avr/lib/avr5\libm.a(sqrt.o)
                0x00007eca                sqrt
 .text.avr-libc.fplib
                0x00007f46        0x6 c:/program files (x86)/atmel/atmel toolchain/avr8 gcc/native/3.4.1061/avr8-gnu-toolchain/bin/../lib/gcc/avr/4.8.1/../../../../avr/lib/avr5\libm.a(square.o)
                0x00007f46                square
 .text.avr-libc.fplib
                0x00007f4c        0xe c:/program files (x86)/atmel/atmel toolchain/avr8 gcc/native/3.4.1061/avr8-gnu-toolchain/bin/../lib/gcc/avr/4.8.1/../../../../avr/lib/avr5\libm.a(trunc.o)
                0x00007f4c                trunc
 .text.avr-libc.fplib
                0x00007f5a        0xe c:/program files (x86)/atmel/atmel toolchain/avr8 gcc/native/3.4.1061/avr8-gnu-toolchain/bin/../lib/gcc/avr/4.8.1/../../../../avr/lib/avr5\libm.a(fp_norm2.o)
                0x00007f5a                __fp_norm2
 .text.avr-libc.fplib
                0x00007f68       0x22 c:/program files (x86)/atmel/atmel toolchain/avr8 gcc/native/3.4.1061/avr8-gnu-toolchain/bin/../lib/gcc/avr/4.8.1/../../../../avr/lib/avr5\libm.a(fp_powsodd.o)
                0x00007f68                __fp_powsodd
 .text.libgcc.div
                0x00007f8a       0x44 c:/program files (x86)/atmel/atmel toolchain/avr8 gcc/native/3.4.1061/avr8-gnu-toolchain/bin/../lib/gcc/avr/4.8.1/avr5\libgcc.a(_udivmodsi4.o)
                0x00007f8a                __udivmodsi4
 .text.libgcc   0x00007fce        0xc c:/program files (x86)/atmel/atmel toolchain/avr8 gcc/native/3.4.1061/avr8-gnu-toolchain/bin/../lib/gcc/avr/4.8.1/avr5\libgcc.a(_tablejump.o)
                0x00007fce                __tablejump2__
                0x00007fd2                __tablejump__
 .text.libgcc.mul
                0x00007fda       0x1e c:/program files (x86)/atmel/atmel toolchain/avr8 gcc/native/3.4.1061/avr8-gnu-toolchain/bin/../lib/gcc/avr/4.8.1/avr5\libgcc.a(_umulhisi3.o)
                0x00007fda                __umulhisi3
 .text.libgcc.mul
                0x00007ff8       0x16 c:/program files (x86)/atmel/atmel toolchain/avr8 gcc/native/3.4.1061/avr8-gnu-toolchain/bin/../lib/gcc/avr/4.8.1/avr5\libgcc.a(_muluhisi3.o)
                0x00007ff8                __muluhisi3
                0x0000800e                . = ALIGN (0x2)
 *(.fini9)
 .fini9         0x0000800e        0x0 c:/program files (x86)/atmel/atmel toolchain/avr8 gcc/native/3.4.1061/avr8-gnu-toolchain/bin/../lib/gcc/avr/4.8.1/avr5\libgcc.a(_exit.o)
                0x0000800e                _exit
                0x0000800e                exit
 *(.fini9)
 *(.fini8)
 *(.fini8)
 *(.fini7)
 *(.fini7)
 *(.fini6)
 *(.fini6)
 *(.fini5)
 *(.fini5)
 *(.fini4)
 *(.fini4)
 *(.fini3)
 *(.fini3)
 *(.fini2)
 *(.fini2)
 *(.fini1)
 *(.fini1)
 *(.fini0)
 .fini0         0x0000800e        0x4 c:/program files (x86)/atmel/atmel toolchain/avr8 gcc/native/3.4.1061/avr8-gnu-toolchain/bin/../lib/gcc/avr/4.8.1/avr5\libgcc.a(_exit.o)
 *(.fini0)
                0x00008012                _etext = .

.data           0x00800100        0x0 load address 0x00008012
                0x00800100                PROVIDE (__data_start, .)
 *(.data)
 *(.data*)
 *(.rodata)
 *(.rodata*)
 *(.gnu.linkonce.d*)
                0x00800100                . = ALIGN (0x2)
                0x00800100                _edata = .
                0x00800100                PROVIDE (__data_end, .)

.bss            0x00800100      0x855
                0x00800100                PROVIDE (__bss_start, .)
 *(.bss)
 *(.bss*)
 .bss.serial_tx_buffer_tail
                0x00800100        0x1 grbl/serial.o
                0x00800100                serial_tx_buffer_tail
 .bss.serial_tx_buffer_head
                0x00800101        0x1 grbl/serial.o
                0x00800101                serial_tx_buffer_head
 .bss.serial_rx_buffer_tail
                0x00800102        0x1 grbl/serial.o
                0x00800102                serial_rx_buffer_tail
 .bss.serial_rx_buffer_head
                0x00800103        0x1 grbl/serial.o
                0x00800103                serial_rx_buffer_head
 .bss.iscomment.2310
                0x00800104        0x1 grbl/protocol.o
 .bss.char_counter.2311
                0x00800105        0x1 grbl/protocol.o
 .bss.line      0x00800106       0x50 grbl/protocol.o
 .bss.prep      0x00800156       0x2b grbl/stepper.o
 .bss.st_prep_block
                0x00800181        0x2 grbl/stepper.o
 .bss.pl_block  0x00800183        0x2 grbl/stepper.o
 .bss.busy      0x00800185        0x1 grbl/stepper.o
 .bss.dir_port_invert_mask
                0x00800186        0x1 grbl/stepper.o
 .bss.step_port_invert_mask
                0x00800187        0x1 grbl/stepper.o
 .bss.segment_next_head
                0x00800188        0x1 grbl/stepper.o
 .bss.segment_buffer_head
                0x00800189        0x1 grbl/stepper.o
 .bss.segment_buffer_tail
                0x0080018a        0x1 grbl/stepper.o
 .bss.st        0x0080018b       0x23 grbl/stepper.o
 .bss.segment_buffer
                0x008001ae       0x24 grbl/stepper.o
 .bss.st_block_buffer
                0x008001d2       0x55 grbl/stepper.o
 .bss.pl        0x00800227       0x1c grbl/planner.o
 .bss.block_buffer_planned
                0x00800243        0x1 grbl/planner.o
 .bss.next_buffer_head
                0x00800244        0x1 grbl/planner.o
 .bss.block_buffer_head
                0x00800245        0x1 grbl/planner.o
 .bss.block_buffer_tail
                0x00800246        0x1 grbl/planner.o
 .bss.block_buffer
                0x00800247      0x520 grbl/planner.o
 *(COMMON)
 COMMON         0x00800767       0x20 grbl/main.o
                0x00800767                sys
 COMMON         0x00800787       0x78 grbl/gcode.o
                0x00800787                gc_state
                0x008007c6                gc_block
 COMMON         0x008007ff      0x100 grbl/serial.o
                0x008007ff                serial_tx_buffer
                0x0080087f                serial_rx_buffer
 COMMON         0x008008ff       0x55 grbl/settings.o
                0x008008ff                settings
 COMMON         0x00800954        0x1 grbl/probe.o
                0x00800954                probe_invert_mask
                0x00800955                PROVIDE (__bss_end, .)
                0x00008012                __data_load_start = LOADADDR (.data)
                0x00008012                __data_load_end = (__data_load_start + SIZEOF (.data))

.noinit         0x00800955        0x0
                0x00800955                PROVIDE (__noinit_start, .)
 *(.noinit*)
                0x00800955                PROVIDE (__noinit_end, .)
                0x00800955                _end = .
                0x00800955                PROVIDE (__heap_start, .)

.eeprom         0x00810000        0x0
 *(.eeprom*)
                0x00810000                __eeprom_end = .

.fuse
 *(.fuse)
 *(.lfuse)
 *(.hfuse)
 *(.efuse)

.lock
 *(.lock*)

.signature
 *(.signature*)

.user_signatures
 *(.user_signatures*)

.stab
 *(.stab)

.stabstr
 *(.stabstr)

.stab.excl
 *(.stab.excl)

.stab.exclstr
 *(.stab.exclstr)

.stab.index
 *(.stab.index)

.stab.indexstr
 *(.stab.indexstr)

.comment        0x00000000       0x30
 *(.comment)
 .comment       0x00000000       0x30 grbl/jogging.o
                                 0x31 (size before relaxing)
 .comment       0x00000000       0x31 grbl/main.o
 .comment       0x00000000       0x31 grbl/motion_control.o
 .comment       0x00000000       0x31 grbl/gcode.o
 .comment       0x00000000       0x31 grbl/spindle_control.o
 .comment       0x00000000       0x31 grbl/coolant_control.o
 .comment       0x00000000       0x31 grbl/serial.o
 .comment       0x00000000       0x31 grbl/protocol.o
 .comment       0x00000000       0x31 grbl/stepper.o
 .comment       0x00000000       0x31 grbl/eeprom.o
 .comment       0x00000000       0x31 grbl/settings.o
 .comment       0x00000000       0x31 grbl/planner.o
 .comment       0x00000000       0x31 grbl/nuts_bolts.o
 .comment       0x00000000       0x31 grbl/limits.o
 .comment       0x00000000       0x31 grbl/print.o
 .comment       0x00000000       0x31 grbl/probe.o
 .comment       0x00000000       0x31 grbl/report.o
 .comment       0x00000000       0x31 grbl/system.o

.note.gnu.build-id
 *(.note.gnu.build-id)

.debug
 *(.debug)

.line
 *(.line)

.debug_srcinfo
 *(.debug_srcinfo)

.debug_sfnames
 *(.debug_sfnames)

.debug_aranges  0x00000000      0x568
 *(.debug_aranges)
 .debug_aranges
                0x00000000       0x38 grbl/jogging.o
 .debug_aranges
                0x00000038       0x20 grbl/main.o
 .debug_aranges
                0x00000058       0x48 grbl/motion_control.o
 .debug_aranges
                0x000000a0       0x30 grbl/gcode.o
 .debug_aranges
                0x000000d0       0x38 grbl/spindle_control.o
 .debug_aranges
                0x00000108       0x38 grbl/coolant_control.o
 .debug_aranges
                0x00000140       0x58 grbl/serial.o
 .debug_aranges
                0x00000198       0x40 grbl/protocol.o
 .debug_aranges
                0x000001d8       0x60 grbl/stepper.o
 .debug_aranges
                0x00000238       0x38 grbl/eeprom.o
 .debug_aranges
                0x00000270       0xa0 grbl/settings.o
 .debug_aranges
                0x00000310       0x70 grbl/planner.o
 .debug_aranges
                0x00000380       0x38 grbl/nuts_bolts.o
 .debug_aranges
                0x000003b8       0x40 grbl/limits.o
 .debug_aranges
                0x000003f8       0x70 grbl/print.o
 .debug_aranges
                0x00000468       0x38 grbl/probe.o
 .debug_aranges
                0x000004a0       0x78 grbl/report.o
 .debug_aranges
                0x00000518       0x50 grbl/system.o

.debug_pubnames
 *(.debug_pubnames)

.debug_info     0x00000000     0x8792
 *(.debug_info .gnu.linkonce.wi.*)
 .debug_info    0x00000000      0x89b grbl/jogging.o
 .debug_info    0x0000089b      0x2e8 grbl/main.o
 .debug_info    0x00000b83      0xaf1 grbl/motion_control.o
 .debug_info    0x00001674      0xc65 grbl/gcode.o
 .debug_info    0x000022d9      0x231 grbl/spindle_control.o
 .debug_info    0x0000250a      0x201 grbl/coolant_control.o
 .debug_info    0x0000270b      0x3c8 grbl/serial.o
 .debug_info    0x00002ad3      0x8e5 grbl/protocol.o
 .debug_info    0x000033b8      0xa4c grbl/stepper.o
 .debug_info    0x00003e04      0x227 grbl/eeprom.o
 .debug_info    0x0000402b      0x96b grbl/settings.o
 .debug_info    0x00004996      0x83a grbl/planner.o
 .debug_info    0x000051d0      0x3b4 grbl/nuts_bolts.o
 .debug_info    0x00005584      0x74b grbl/limits.o
 .debug_info    0x00005ccf      0x642 grbl/print.o
 .debug_info    0x00006311      0x31b grbl/probe.o
 .debug_info    0x0000662c     0x1900 grbl/report.o
 .debug_info    0x00007f2c      0x866 grbl/system.o

.debug_abbrev   0x00000000     0x2087
 *(.debug_abbrev)
 .debug_abbrev  0x00000000      0x19b grbl/jogging.o
 .debug_abbrev  0x0000019b       0xcb grbl/main.o
 .debug_abbrev  0x00000266      0x2a4 grbl/motion_control.o
 .debug_abbrev  0x0000050a      0x22e grbl/gcode.o
 .debug_abbrev  0x00000738      0x135 grbl/spindle_control.o
 .debug_abbrev  0x0000086d      0x126 grbl/coolant_control.o
 .debug_abbrev  0x00000993      0x17b grbl/serial.o
 .debug_abbrev  0x00000b0e      0x20a grbl/protocol.o
 .debug_abbrev  0x00000d18      0x262 grbl/stepper.o
 .debug_abbrev  0x00000f7a       0xfd grbl/eeprom.o
 .debug_abbrev  0x00001077      0x26a grbl/settings.o
 .debug_abbrev  0x000012e1      0x2e6 grbl/planner.o
 .debug_abbrev  0x000015c7      0x150 grbl/nuts_bolts.o
 .debug_abbrev  0x00001717      0x21f grbl/limits.o
 .debug_abbrev  0x00001936      0x1b2 grbl/print.o
 .debug_abbrev  0x00001ae8      0x11b grbl/probe.o
 .debug_abbrev  0x00001c03      0x258 grbl/report.o
 .debug_abbrev  0x00001e5b      0x22c grbl/system.o

.debug_line     0x00000000     0x29a1
 *(.debug_line .debug_line.* .debug_line_end)
 .debug_line    0x00000000      0x2a7 grbl/jogging.o
 .debug_line    0x000002a7      0x1b2 grbl/main.o
 .debug_line    0x00000459      0x2fc grbl/motion_control.o
 .debug_line    0x00000755      0x4ae grbl/gcode.o
 .debug_line    0x00000c03      0x10b grbl/spindle_control.o
 .debug_line    0x00000d0e      0x108 grbl/coolant_control.o
 .debug_line    0x00000e16      0x197 grbl/serial.o
 .debug_line    0x00000fad      0x29b grbl/protocol.o
 .debug_line    0x00001248      0x348 grbl/stepper.o
 .debug_line    0x00001590      0x13b grbl/eeprom.o
 .debug_line    0x000016cb      0x2f0 grbl/settings.o
 .debug_line    0x000019bb      0x30e grbl/planner.o
 .debug_line    0x00001cc9      0x201 grbl/nuts_bolts.o
 .debug_line    0x00001eca      0x235 grbl/limits.o
 .debug_line    0x000020ff      0x227 grbl/print.o
 .debug_line    0x00002326      0x10c grbl/probe.o
 .debug_line    0x00002432      0x2ef grbl/report.o
 .debug_line    0x00002721      0x280 grbl/system.o

.debug_frame    0x00000000     0x1238
 *(.debug_frame)
 .debug_frame   0x00000000       0xc4 grbl/jogging.o
 .debug_frame   0x000000c4       0x24 grbl/main.o
 .debug_frame   0x000000e8      0x170 grbl/motion_control.o
 .debug_frame   0x00000258       0xa4 grbl/gcode.o
 .debug_frame   0x000002fc       0x70 grbl/spindle_control.o
 .debug_frame   0x0000036c       0x5c grbl/coolant_control.o
 .debug_frame   0x000003c8       0xfc grbl/serial.o
 .debug_frame   0x000004c4      0x104 grbl/protocol.o
 .debug_frame   0x000005c8      0x19c grbl/stepper.o
 .debug_frame   0x00000764       0xcc grbl/eeprom.o
 .debug_frame   0x00000830      0x1a0 grbl/settings.o
 .debug_frame   0x000009d0      0x17c grbl/planner.o
 .debug_frame   0x00000b4c       0xc8 grbl/nuts_bolts.o
 .debug_frame   0x00000c14      0x140 grbl/limits.o
 .debug_frame   0x00000d54      0x1b4 grbl/print.o
 .debug_frame   0x00000f08       0x54 grbl/probe.o
 .debug_frame   0x00000f5c      0x198 grbl/report.o
 .debug_frame   0x000010f4      0x144 grbl/system.o

.debug_str      0x00000000     0x173a
 *(.debug_str)
 .debug_str     0x00000000      0x543 grbl/jogging.o
                                0x5d6 (size before relaxing)
 .debug_str     0x00000543       0xc0 grbl/main.o
                                0x2cc (size before relaxing)
 .debug_str     0x00000603      0x27b grbl/motion_control.o
                                0x67b (size before relaxing)
 .debug_str     0x0000087e      0x195 grbl/gcode.o
                                0x53f (size before relaxing)
 .debug_str     0x00000a13       0x2c grbl/spindle_control.o
                                0x24d (size before relaxing)
 .debug_str     0x00000a3f       0x31 grbl/coolant_control.o
                                0x252 (size before relaxing)
 .debug_str     0x00000a70       0xfd grbl/serial.o
                                0x339 (size before relaxing)
 .debug_str     0x00000b6d      0x17a grbl/protocol.o
                                0x5a7 (size before relaxing)
 .debug_str     0x00000ce7      0x3a8 grbl/stepper.o
                                0x81f (size before relaxing)
 .debug_str     0x0000108f       0xac grbl/eeprom.o
                                0x212 (size before relaxing)
 .debug_str     0x0000113b      0x183 grbl/settings.o
                                0x57a (size before relaxing)
 .debug_str     0x000012be      0x164 grbl/planner.o
                                0x657 (size before relaxing)
 .debug_str     0x00001422       0x56 grbl/nuts_bolts.o
                                0x251 (size before relaxing)
 .debug_str     0x00001478       0xca grbl/limits.o
                                0x52f (size before relaxing)
 .debug_str     0x00001542       0xfa grbl/print.o
                                0x3d3 (size before relaxing)
 .debug_str     0x0000163c       0x22 grbl/probe.o
                                0x39d (size before relaxing)
 .debug_str     0x0000165e       0xb5 grbl/report.o
                                0x68f (size before relaxing)
 .debug_str     0x00001713       0x27 grbl/system.o
                                0x593 (size before relaxing)

.debug_loc      0x00000000     0x5e7f
 *(.debug_loc)
 .debug_loc     0x00000000      0x484 grbl/jogging.o
 .debug_loc     0x00000484      0xa40 grbl/motion_control.o
 .debug_loc     0x00000ec4      0x9cf grbl/gcode.o
 .debug_loc     0x00001893      0x136 grbl/spindle_control.o
 .debug_loc     0x000019c9       0x6f grbl/coolant_control.o
 .debug_loc     0x00001a38      0x258 grbl/serial.o
 .debug_loc     0x00001c90      0x2c4 grbl/protocol.o
 .debug_loc     0x00001f54      0x8bd grbl/stepper.o
 .debug_loc     0x00002811      0x46b grbl/eeprom.o
 .debug_loc     0x00002c7c      0x9c9 grbl/settings.o
 .debug_loc     0x00003645      0x71b grbl/planner.o
 .debug_loc     0x00003d60      0x65f grbl/nuts_bolts.o
 .debug_loc     0x000043bf      0x764 grbl/limits.o
 .debug_loc     0x00004b23      0x809 grbl/print.o
 .debug_loc     0x0000532c       0x21 grbl/probe.o
 .debug_loc     0x0000534d      0x659 grbl/report.o
 .debug_loc     0x000059a6      0x4d9 grbl/system.o

.debug_macinfo
 *(.debug_macinfo)

.debug_weaknames
 *(.debug_weaknames)

.debug_funcnames
 *(.debug_funcnames)

.debug_typenames
 *(.debug_typenames)

.debug_varnames
 *(.debug_varnames)

.debug_pubtypes
 *(.debug_pubtypes)

.debug_ranges   0x00000000      0x568
 *(.debug_ranges)
 .debug_ranges  0x00000000       0x28 grbl/jogging.o
 .debug_ranges  0x00000028       0x10 grbl/main.o
 .debug_ranges  0x00000038       0x38 grbl/motion_control.o
 .debug_ranges  0x00000070       0x78 grbl/gcode.o
 .debug_ranges  0x000000e8       0x28 grbl/spindle_control.o
 .debug_ranges  0x00000110       0x28 grbl/coolant_control.o
 .debug_ranges  0x00000138       0x48 grbl/serial.o
 .debug_ranges  0x00000180       0x60 grbl/protocol.o
 .debug_ranges  0x000001e0       0x50 grbl/stepper.o
 .debug_ranges  0x00000230       0x28 grbl/eeprom.o
 .debug_ranges  0x00000258       0xc8 grbl/settings.o
 .debug_ranges  0x00000320       0x90 grbl/planner.o
 .debug_ranges  0x000003b0       0x28 grbl/nuts_bolts.o
 .debug_ranges  0x000003d8       0x48 grbl/limits.o
 .debug_ranges  0x00000420       0x78 grbl/print.o
 .debug_ranges  0x00000498       0x28 grbl/probe.o
 .debug_ranges  0x000004c0       0x68 grbl/report.o
 .debug_ranges  0x00000528       0x40 grbl/system.o

.debug_macro
 *(.debug_macro)
OUTPUT(morres83_GRBL-JOG.elf elf32-avr)
LOAD linker stubs
